Archive member included to satisfy reference by file (symbol)

app/libapp.a(main.c.obj)      (--whole-archive)
app/libapp.a(my_lbs.c.obj)    (--whole-archive)
app/libapp.a(adc.c.obj)       (--whole-archive)
zephyr/libzephyr.a(cbprintf_packaged.c.obj)
                              (--whole-archive)
zephyr/libzephyr.a(dec.c.obj)
                              (--whole-archive)
zephyr/libzephyr.a(fdtable.c.obj)
                              (--whole-archive)
zephyr/libzephyr.a(hex.c.obj)
                              (--whole-archive)
zephyr/libzephyr.a(printk.c.obj)
                              (--whole-archive)
zephyr/libzephyr.a(rb.c.obj)  (--whole-archive)
zephyr/libzephyr.a(sem.c.obj)
                              (--whole-archive)
zephyr/libzephyr.a(thread_entry.c.obj)
                              (--whole-archive)
zephyr/libzephyr.a(timeutil.c.obj)
                              (--whole-archive)
zephyr/libzephyr.a(heap.c.obj)
                              (--whole-archive)
zephyr/libzephyr.a(heap-validate.c.obj)
                              (--whole-archive)
zephyr/libzephyr.a(bitarray.c.obj)
                              (--whole-archive)
zephyr/libzephyr.a(multi_heap.c.obj)
                              (--whole-archive)
zephyr/libzephyr.a(onoff.c.obj)
                              (--whole-archive)
zephyr/libzephyr.a(notify.c.obj)
                              (--whole-archive)
zephyr/libzephyr.a(cbprintf_complete.c.obj)
                              (--whole-archive)
zephyr/libzephyr.a(assert.c.obj)
                              (--whole-archive)
zephyr/libzephyr.a(mpsc_pbuf.c.obj)
                              (--whole-archive)
zephyr/libzephyr.a(reboot.c.obj)
                              (--whole-archive)
zephyr/libzephyr.a(configs.c.obj)
                              (--whole-archive)
zephyr/libzephyr.a(soc.c.obj)
                              (--whole-archive)
zephyr/libzephyr.a(sync_rtc.c.obj)
                              (--whole-archive)
zephyr/libzephyr.a(soc_nrf_common.S.obj)
                              (--whole-archive)
zephyr/libzephyr.a(validate_base_addresses.c.obj)
                              (--whole-archive)
zephyr/libzephyr.a(validate_enabled_instances.c.obj)
                              (--whole-archive)
zephyr/libzephyr.a(ipc_service.c.obj)
                              (--whole-archive)
zephyr/libzephyr.a(ipc_rpmsg_static_vrings.c.obj)
                              (--whole-archive)
zephyr/libzephyr.a(ipc_rpmsg.c.obj)
                              (--whole-archive)
zephyr/libzephyr.a(ipc_static_vrings.c.obj)
                              (--whole-archive)
zephyr/libzephyr.a(log_core.c.obj)
                              (--whole-archive)
zephyr/libzephyr.a(log_mgmt.c.obj)
                              (--whole-archive)
zephyr/libzephyr.a(log_cache.c.obj)
                              (--whole-archive)
zephyr/libzephyr.a(log_msg.c.obj)
                              (--whole-archive)
zephyr/libzephyr.a(log_output.c.obj)
                              (--whole-archive)
zephyr/libzephyr.a(log_backend_uart.c.obj)
                              (--whole-archive)
zephyr/libzephyr.a(tracing_none.c.obj)
                              (--whole-archive)
zephyr/libzephyr.a(addr_utils.c.obj)
                              (--whole-archive)
zephyr/libzephyr.a(flash_map_partition_manager.c.obj)
                              (--whole-archive)
zephyr/libzephyr.a(utils.c.obj)
                              (--whole-archive)
zephyr/libzephyr.a(aes_decrypt.c.obj)
                              (--whole-archive)
zephyr/libzephyr.a(aes_encrypt.c.obj)
                              (--whole-archive)
zephyr/libzephyr.a(cmac_mode.c.obj)
                              (--whole-archive)
zephyr/libzephyr.a(sha256.c.obj)
                              (--whole-archive)
zephyr/libzephyr.a(hmac.c.obj)
                              (--whole-archive)
zephyr/libzephyr.a(hmac_prng.c.obj)
                              (--whole-archive)
zephyr/libzephyr.a(nrf_cc3xx_platform_abort_zephyr.c.obj)
                              (--whole-archive)
zephyr/libzephyr.a(nrf_cc3xx_platform_mutex_zephyr.c.obj)
                              (--whole-archive)
zephyr/arch/common/libarch__common.a(sw_isr_common.c.obj)
                              (--whole-archive)
zephyr/arch/arch/arm/core/aarch32/libarch__arm__core__aarch32.a(cpu_idle.S.obj)
                              (--whole-archive)
zephyr/arch/arch/arm/core/aarch32/libarch__arm__core__aarch32.a(fatal.c.obj)
                              (--whole-archive)
zephyr/arch/arch/arm/core/aarch32/libarch__arm__core__aarch32.a(irq_manage.c.obj)
                              (--whole-archive)
zephyr/arch/arch/arm/core/aarch32/libarch__arm__core__aarch32.a(nmi.c.obj)
                              (--whole-archive)
zephyr/arch/arch/arm/core/aarch32/libarch__arm__core__aarch32.a(nmi_on_reset.S.obj)
                              (--whole-archive)
[...]
Memory Configuration

Name             Origin             Length             Attributes
FLASH            0x0000000000000000 0x0000000000100000 xr
RAM              0x0000000020000000 0x0000000000070000 xw
IDT_LIST         0x00000000fffff7ff 0x0000000000000800 xw
*default*        0x0000000000000000 0xffffffffffffffff

Linker script and memory map

                0x000000000000efac                vfprintf = __i_vfprintf
                0x0000000000000000                vfscanf = __i_vfscanf
LOAD zephyr/CMakeFiles/zephyr_pre0.dir/misc/empty_file.c.obj
LOAD app/libapp.a
LOAD zephyr/libzephyr.a
LOAD zephyr/arch/common/libarch__common.a
LOAD zephyr/arch/arch/arm/core/aarch32/libarch__arm__core__aarch32.a
LOAD zephyr/arch/arch/arm/core/aarch32/cortex_m/libarch__arm__core__aarch32__cortex_m.a
LOAD zephyr/arch/arch/arm/core/aarch32/cortex_m/cmse/libarch__arm__core__aarch32__cortex_m__cmse.a
LOAD zephyr/arch/arch/arm/core/aarch32/mpu/libarch__arm__core__aarch32__mpu.a
LOAD zephyr/lib/libc/picolibc/liblib__libc__picolibc.a
LOAD zephyr/lib/libc/common/liblib__libc__common.a
LOAD zephyr/soc/soc/arm/common/cortex_m/libsoc__arm__common__cortex_m.a
LOAD zephyr/boards/arm/nrf5340dk_nrf5340/libboards__arm__nrf5340dk_nrf5340.a
LOAD zephyr/subsys/bluetooth/common/libsubsys__bluetooth__common.a
LOAD zephyr/subsys/bluetooth/host/libsubsys__bluetooth__host.a
LOAD zephyr/subsys/net/libsubsys__net.a
LOAD zephyr/drivers/adc/libdrivers__adc.a
LOAD zephyr/drivers/bluetooth/libdrivers__bluetooth.a
LOAD zephyr/drivers/clock_control/libdrivers__clock_control.a
LOAD zephyr/drivers/console/libdrivers__console.a
LOAD zephyr/drivers/gpio/libdrivers__gpio.a
LOAD zephyr/drivers/mbox/libdrivers__mbox.a
LOAD zephyr/drivers/pinctrl/libdrivers__pinctrl.a
LOAD zephyr/drivers/serial/libdrivers__serial.a
LOAD zephyr/drivers/timer/libdrivers__timer.a
LOAD modules/nrf/lib/dk_buttons_and_leds/lib..__nrf__lib__dk_buttons_and_leds.a
LOAD modules/nrf/lib/fatal_error/lib..__nrf__lib__fatal_error.a
LOAD modules/nrf/drivers/hw_cc310/lib..__nrf__drivers__hw_cc310.a
LOAD modules/hal_nordic/nrfx/libmodules__hal_nordic__nrfx.a
LOAD modules/libmetal/libmetal/lib/libmetal.a
LOAD modules/open-amp/open-amp/lib/libopen_amp.a
LOAD zephyr/kernel/libkernel.a
LOAD zephyr/CMakeFiles/offsets.dir/./arch/arm/core/offsets/offsets.c.obj
LOAD c:/ncs/toolchains/c57af46cb7/opt/zephyr-sdk/arm-zephyr-eabi/bin/../lib/gcc/arm-zephyr-eabi/12.2.0/thumb/v8-m.main/nofp\libgcc.a
LOAD zephyr/arch/common/libisr_tables.a
LOAD C:/ncs/v2.5.0/nrfxlib/crypto/nrf_cc312_platform/lib/cortex-m33/soft-float/no-interrupts/libnrf_cc312_platform_0.9.18.a
LOAD c:\ncs\toolchains\c57af46cb7\opt\zephyr-sdk\arm-zephyr-eabi\bin\../lib/gcc/../../picolibc/arm-zephyr-eabi/lib/thumb/v8-m.main/nofp\libc.a
LOAD c:/ncs/toolchains/c57af46cb7/opt/zephyr-sdk/arm-zephyr-eabi/bin/../lib/gcc/arm-zephyr-eabi/12.2.0/thumb/v8-m.main/nofp\libgcc.a
                0x0000000000000020                _region_min_align = 0x20

.rel.plt        0x0000000000000000        0x0
 *(SORT_BY_ALIGNMENT(.rel.plt))
                [!provide]                        PROVIDE (__rel_iplt_start = .)
 *(SORT_BY_ALIGNMENT(.rel.iplt))
 .rel.iplt      0x0000000000000000        0x0 app/libapp.a(main.c.obj)
                [!provide]                        PROVIDE (__rel_iplt_end = .)

.rela.plt       0x0000000000000000        0x0
 *(SORT_BY_ALIGNMENT(.rela.plt))
                [!provide]                        PROVIDE (__rela_iplt_start = .)
 *(SORT_BY_ALIGNMENT(.rela.iplt))
                [!provide]                        PROVIDE (__rela_iplt_end = .)

.rel.dyn
 *(SORT_BY_ALIGNMENT(.rel.*))

.rela.dyn
 *(SORT_BY_ALIGNMENT(.rela.*))

/DISCARD/
 *(SORT_BY_ALIGNMENT(.plt))

/DISCARD/
 *(SORT_BY_ALIGNMENT(.iplt))
                0x0000000000000000                __rom_region_start = 0x0

rom_start       0x0000000000000000      0x154
                0x0000000000000000                __rom_start_address = .
                0x0000000000000000                . = (. + (0x0 - (. - __rom_start_address)))
                0x0000000000000000                . = ALIGN (0x4)
                0x0000000000000000                . = ALIGN (0x80)
                0x0000000000000000                . = ALIGN (0x200)
                0x0000000000000000                _vector_start = .
 *(SORT_BY_ALIGNMENT(.exc_vector_table))
 *(SORT_BY_ALIGNMENT(.exc_vector_table.*))
 .exc_vector_table._vector_table_section
                0x0000000000000000       0x40 zephyr/arch/arch/arm/core/aarch32/cortex_m/libarch__arm__core__aarch32__cortex_m.a(vector_table.S.obj)
                0x0000000000000000                _vector_table
 *(SORT_BY_ALIGNMENT(.vectors))
                0x0000000000000154                _vector_end = .
                0x0000000000000040                . = ALIGN (0x4)
 *(SORT_BY_ALIGNMENT(.gnu.linkonce.irq_vector_table*))
 .gnu.linkonce.irq_vector_table
                0x0000000000000040      0x114 zephyr/arch/common/libisr_tables.a(isr_tables.c.obj)
                0x0000000000000040                _irq_vector_table
                0x0000000000000154                _vector_end = .

text            0x0000000000000154    0x145d8
                0x0000000000000154                __text_region_start = .
 *(SORT_BY_ALIGNMENT(.text))
 .text          0x0000000000000154      0x378 c:/ncs/toolchains/c57af46cb7/opt/zephyr-sdk/arm-zephyr-eabi/bin/../lib/gcc/arm-zephyr-eabi/12.2.0/thumb/v8-m.main/nofp\libgcc.a(_arm_addsubdf3.o)
                0x0000000000000154                __aeabi_drsub
                0x000000000000015c                __aeabi_dsub
                0x000000000000015c                __subdf3
                0x0000000000000160                __aeabi_dadd
                0x0000000000000160                __adddf3
                0x00000000000003d8                __floatunsidf
                0x00000000000003d8                __aeabi_ui2d
                0x00000000000003f8                __floatsidf
                0x00000000000003f8                __aeabi_i2d
                0x000000000000041c                __aeabi_f2d
                0x000000000000041c                __extendsfdf2
                0x0000000000000460                __floatundidf
                0x0000000000000460                __aeabi_ul2d
                0x0000000000000470                __floatdidf
                0x0000000000000470                __aeabi_l2d
 .text          0x00000000000004cc      0x424 c:/ncs/toolchains/c57af46cb7/opt/zephyr-sdk/arm-zephyr-eabi/bin/../lib/gcc/arm-zephyr-eabi/12.2.0/thumb/v8-m.main/nofp\libgcc.a(_arm_muldivdf3.o)
                0x00000000000004cc                __aeabi_dmul
                0x00000000000004cc                __muldf3
                0x0000000000000720                __divdf3
                0x0000000000000720                __aeabi_ddiv
 .text          0x00000000000008f0       0x50 c:/ncs/toolchains/c57af46cb7/opt/zephyr-sdk/arm-zephyr-eabi/bin/../lib/gcc/arm-zephyr-eabi/12.2.0/thumb/v8-m.main/nofp\libgcc.a(_arm_fixdfsi.o)
                0x00000000000008f0                __aeabi_d2iz
                0x00000000000008f0                __fixdfsi
 .text          0x0000000000000940       0x30 c:/ncs/toolchains/c57af46cb7/opt/zephyr-sdk/arm-zephyr-eabi/bin/../lib/gcc/arm-zephyr-eabi/12.2.0/thumb/v8-m.main/nofp\libgcc.a(_aeabi_uldivmod.o)
                0x0000000000000940                __aeabi_uldivmod
 .text          0x0000000000000970        0x4 c:/ncs/toolchains/c57af46cb7/opt/zephyr-sdk/arm-zephyr-eabi/bin/../lib/gcc/arm-zephyr-eabi/12.2.0/thumb/v8-m.main/nofp\libgcc.a(_dvmd_tls.o)
                0x0000000000000970                __aeabi_idiv0
                0x0000000000000970                __aeabi_ldiv0
 .text          0x0000000000000974      0x29c c:/ncs/toolchains/c57af46cb7/opt/zephyr-sdk/arm-zephyr-eabi/bin/../lib/gcc/arm-zephyr-eabi/12.2.0/thumb/v8-m.main/nofp\libgcc.a(_udivmoddi4.o)
                0x0000000000000974                __udivmoddi4
 .text          0x0000000000000c10       0x14 c:\ncs\toolchains\c57af46cb7\opt\zephyr-sdk\arm-zephyr-eabi\bin\../lib/gcc/../../picolibc/arm-zephyr-eabi/lib/thumb/v8-m.main/nofp\libc.a(strcmp.S.o)
                0x0000000000000c10                strcmp
 .text          0x0000000000000c24       0x10 c:\ncs\toolchains\c57af46cb7\opt\zephyr-sdk\arm-zephyr-eabi\bin\../lib/gcc/../../picolibc/arm-zephyr-eabi/lib/thumb/v8-m.main/nofp\libc.a(strcpy.S.o)
                0x0000000000000c24                strcpy
 .text          0x0000000000000c34       0x10 c:\ncs\toolchains\c57af46cb7\opt\zephyr-sdk\arm-zephyr-eabi\bin\../lib/gcc/../../picolibc/arm-zephyr-eabi/lib/thumb/v8-m.main/nofp\libc.a(strlen.S.o)
                0x0000000000000c34                strlen
 *(SORT_BY_ALIGNMENT(.text.*))
 .text.on_disconnected
                0x0000000000000c44       0x18 app/libapp.a(main.c.obj)
 .text.on_connected
                0x0000000000000c5c       0x28 app/libapp.a(main.c.obj)
 .text.printConfusionMatrix
                0x0000000000000c84       0x4c app/libapp.a(main.c.obj)
                0x0000000000000c84                printConfusionMatrix
 .text.calculate
                0x0000000000000cd0       0x1c app/libapp.a(main.c.obj)
                0x0000000000000cd0                calculate
 .text.suunta   0x0000000000000cec      0x2e4 app/libapp.a(main.c.obj)
                0x0000000000000cec                suunta
 .text.buttonprint
                0x0000000000000fd0       0x38 app/libapp.a(main.c.obj)
                0x0000000000000fd0                buttonprint
 .text.button_changed
                0x0000000000001008       0x34 app/libapp.a(main.c.obj)
 .text.main     0x000000000000103c      0x118 app/libapp.a(main.c.obj)
                0x000000000000103c                main
 .text.mylbsbc_ccc_cfg_changed
                0x0000000000001154       0x10 app/libapp.a(my_lbs.c.obj)
 .text.mylbsbc_ccc_mysensor_cfg_changed
                0x0000000000001164       0x10 app/libapp.a(my_lbs.c.obj)
 .text.write_led
                0x0000000000001174       0x3c app/libapp.a(my_lbs.c.obj)
 .text.read_button
                0x00000000000011b0       0x44 app/libapp.a(my_lbs.c.obj)
 .text.my_lbs_init
                0x00000000000011f4       0x14 app/libapp.a(my_lbs.c.obj)
                0x00000000000011f4                my_lbs_init
 .text.initializeADC
                0x0000000000001208       0x5c app/libapp.a(adc.c.obj)
                0x0000000000001208                initializeADC
 .text.readADCValue
                0x0000000000001264      0x10c app/libapp.a(adc.c.obj)
                0x0000000000001264                readADCValue
 .text.cbvprintf_package
                0x0000000000001370      0x3a4 zephyr/libzephyr.a(cbprintf_packaged.c.obj)
                0x0000000000001370                cbvprintf_package
 .text.cbprintf_package_convert
                0x0000000000001714      0x3b4 zephyr/libzephyr.a(cbprintf_packaged.c.obj)
                0x0000000000001714                cbprintf_package_convert
 .text.__printk_hook_install
                0x0000000000001ac8        0xc zephyr/libzephyr.a(printk.c.obj)
                0x0000000000001ac8                __printk_hook_install
 .text.z_thread_entry
                0x0000000000001ad4       0x34 zephyr/libzephyr.a(thread_entry.c.obj)
                0x0000000000001ad4                z_thread_entry
 .text.process_event
                0x0000000000001b08      0x21c zephyr/libzephyr.a(onoff.c.obj)
 .text.sys_reboot
                0x0000000000001d24       0x30 zephyr/libzephyr.a(reboot.c.obj)
                0x0000000000001d24                sys_reboot
 .text.nrf_gpio_pin_control_select
                0x0000000000001d54       0x3c zephyr/libzephyr.a(soc.c.obj)
 .text.nordicsemi_nrf53_init
                0x0000000000001d90       0x5c zephyr/libzephyr.a(soc.c.obj)
 .text.rtc_pretick_init
                0x0000000000001dec       0x60 zephyr/libzephyr.a(soc.c.obj)
 .text.z_arm_on_enter_cpu_idle
                0x0000000000001e4c       0x64 zephyr/libzephyr.a(soc.c.obj)
                0x0000000000001e4c                z_arm_on_enter_cpu_idle
 .text.arch_busy_wait
                0x0000000000001eb0       0x24 zephyr/libzephyr.a(soc.c.obj)
                0x0000000000001eb0                arch_busy_wait
 .text.rtc_cb   0x0000000000001ed4       0x40 zephyr/libzephyr.a(sync_rtc.c.obj)
 .text.sync_rtc_setup
                0x0000000000001f14       0xc8 zephyr/libzephyr.a(sync_rtc.c.obj)
 .text.mbox_callback
                0x0000000000001fdc       0x80 zephyr/libzephyr.a(sync_rtc.c.obj)
 .text.z_arm_platform_init
                0x000000000000205c        0x4 zephyr/libzephyr.a(soc_nrf_common.S.obj)
                0x000000000000205c                z_arm_platform_init
 .text.ipc_service_open_instance
                0x0000000000002060       0x5c zephyr/libzephyr.a(ipc_service.c.obj)
                0x0000000000002060                ipc_service_open_instance
 .text.ipc_service_register_endpoint
                0x00000000000020bc       0x64 zephyr/libzephyr.a(ipc_service.c.obj)
                0x00000000000020bc                ipc_service_register_endpoint
 .text.ipc_service_send
                0x0000000000002120       0x84 zephyr/libzephyr.a(ipc_service.c.obj)
                0x0000000000002120                ipc_service_send
 .text.shared_memory_prepare
                0x00000000000021a4        0xc zephyr/libzephyr.a(ipc_rpmsg_static_vrings.c.obj)
 .text.advertise_ept
                0x00000000000021b0       0x44 zephyr/libzephyr.a(ipc_rpmsg_static_vrings.c.obj)
 .text.get_ept  0x00000000000021f4       0x28 zephyr/libzephyr.a(ipc_rpmsg_static_vrings.c.obj)
 .text.open     0x000000000000221c      0x1b0 zephyr/libzephyr.a(ipc_rpmsg_static_vrings.c.obj)
 .text.bound_cb
                0x00000000000023cc       0x30 zephyr/libzephyr.a(ipc_rpmsg_static_vrings.c.obj)
 .text.send     0x00000000000023fc       0x4c zephyr/libzephyr.a(ipc_rpmsg_static_vrings.c.obj)
 .text.register_ept
                0x0000000000002448       0xe0 zephyr/libzephyr.a(ipc_rpmsg_static_vrings.c.obj)
 .text.ns_bind_cb
                0x0000000000002528       0x6c zephyr/libzephyr.a(ipc_rpmsg.c.obj)
 .text.ipc_rpmsg_register_ept
                0x0000000000002594       0x3c zephyr/libzephyr.a(ipc_rpmsg.c.obj)
                0x0000000000002594                ipc_rpmsg_register_ept
 .text.ipc_rpmsg_init
                0x00000000000025d0       0x70 zephyr/libzephyr.a(ipc_rpmsg.c.obj)
                0x00000000000025d0                ipc_rpmsg_init
 .text.ipc_static_vrings_init
                0x0000000000002640      0x104 zephyr/libzephyr.a(ipc_static_vrings.c.obj)
                0x0000000000002640                ipc_static_vrings_init
 .text.activate_foreach_backend
                0x0000000000002744       0x64 zephyr/libzephyr.a(log_core.c.obj)
 .text.enable_logger
                0x00000000000027a8       0x5c zephyr/libzephyr.a(log_core.c.obj)
 .text.log_process_thread_timer_expiry_fn
                0x0000000000002804        0xc zephyr/libzephyr.a(log_core.c.obj)
 .text.z_log_init
                0x0000000000002810       0x90 zephyr/libzephyr.a(log_core.c.obj)
 .text.log_format_func_t_get
                0x00000000000028a0        0xc zephyr/libzephyr.a(log_core.c.obj)
                0x00000000000028a0                log_format_func_t_get
 .text.log_set_timestamp_func
                0x00000000000028ac       0x20 zephyr/libzephyr.a(log_core.c.obj)
                0x00000000000028ac                log_set_timestamp_func
 .text.z_log_notify_backend_enabled
                0x00000000000028cc       0x1c zephyr/libzephyr.a(log_core.c.obj)
                0x00000000000028cc                z_log_notify_backend_enabled
 .text.z_log_dropped
                0x00000000000028e8       0x28 zephyr/libzephyr.a(log_core.c.obj)
                0x00000000000028e8                z_log_dropped
 .text.z_log_dropped_read_and_clear
                0x0000000000002910       0x18 zephyr/libzephyr.a(log_core.c.obj)
                0x0000000000002910                z_log_dropped_read_and_clear
 .text.dropped_notify
                0x0000000000002928       0x30 zephyr/libzephyr.a(log_core.c.obj)
                0x0000000000002928                dropped_notify
 .text.z_log_msg_init
                0x0000000000002958       0x20 zephyr/libzephyr.a(log_core.c.obj)
                0x0000000000002958                z_log_msg_init
 .text.log_core_init
                0x0000000000002978       0x34 zephyr/libzephyr.a(log_core.c.obj)
                0x0000000000002978                log_core_init
 .text.z_log_msg_alloc
                0x00000000000029ac       0x10 zephyr/libzephyr.a(log_core.c.obj)
                0x00000000000029ac                z_log_msg_alloc
 .text.z_log_msg_local_claim
                0x00000000000029bc        0xc zephyr/libzephyr.a(log_core.c.obj)
                0x00000000000029bc                z_log_msg_local_claim
 .text.z_log_msg_free
                0x00000000000029c8       0x10 zephyr/libzephyr.a(log_core.c.obj)
                0x00000000000029c8                z_log_msg_free
 .text.z_log_msg_pending
                0x00000000000029d8        0xc zephyr/libzephyr.a(log_core.c.obj)
                0x00000000000029d8                z_log_msg_pending
 .text.z_impl_log_process
                0x00000000000029e4       0xb4 zephyr/libzephyr.a(log_core.c.obj)
                0x00000000000029e4                z_impl_log_process
 .text.z_impl_log_panic
                0x0000000000002a98       0x44 zephyr/libzephyr.a(log_core.c.obj)
                0x0000000000002a98                z_impl_log_panic
 .text.log_process_thread_func
                0x0000000000002adc       0xa4 zephyr/libzephyr.a(log_core.c.obj)
 .text.z_log_msg_post_finalize
                0x0000000000002b80       0x78 zephyr/libzephyr.a(log_core.c.obj)
 .text.z_log_msg_commit
                0x0000000000002bf8       0x24 zephyr/libzephyr.a(log_core.c.obj)
                0x0000000000002bf8                z_log_msg_commit
 .text.log_source_name_get
                0x0000000000002c1c       0x1c zephyr/libzephyr.a(log_mgmt.c.obj)
                0x0000000000002c1c                log_source_name_get
 .text.log_backend_enable
                0x0000000000002c38       0x28 zephyr/libzephyr.a(log_mgmt.c.obj)
                0x0000000000002c38                log_backend_enable
 .text.z_impl_z_log_msg_static_create
                0x0000000000002c60      0x108 zephyr/libzephyr.a(log_msg.c.obj)
                0x0000000000002c60                z_impl_z_log_msg_static_create
 .text.z_impl_z_log_msg_runtime_vcreate
                0x0000000000002d68       0x8c zephyr/libzephyr.a(log_msg.c.obj)
                0x0000000000002d68                z_impl_z_log_msg_runtime_vcreate
 .text.print_formatted
                0x0000000000002df4       0x24 zephyr/libzephyr.a(log_output.c.obj)
 .text.newline_print
                0x0000000000002e18       0x1c zephyr/libzephyr.a(log_output.c.obj)
 .text.log_output_process
                0x0000000000002e34      0x2a8 zephyr/libzephyr.a(log_output.c.obj)
                0x0000000000002e34                log_output_process
 .text.log_output_msg_process
                0x00000000000030dc       0x70 zephyr/libzephyr.a(log_output.c.obj)
                0x00000000000030dc                log_output_msg_process
 .text.log_output_dropped_process
                0x000000000000314c       0x58 zephyr/libzephyr.a(log_output.c.obj)
                0x000000000000314c                log_output_dropped_process
 .text.log_output_timestamp_freq_set
                0x00000000000031a4       0x2c zephyr/libzephyr.a(log_output.c.obj)
                0x00000000000031a4                log_output_timestamp_freq_set
 .text.format_set
                0x00000000000031d0        0xc zephyr/libzephyr.a(log_backend_uart.c.obj)
 .text.panic    0x00000000000031dc       0x14 zephyr/libzephyr.a(log_backend_uart.c.obj)
 .text.dropped  0x00000000000031f0        0xc zephyr/libzephyr.a(log_backend_uart.c.obj)
 .text.process  0x00000000000031fc       0x24 zephyr/libzephyr.a(log_backend_uart.c.obj)
 .text.char_out
                0x0000000000003220       0x24 zephyr/libzephyr.a(log_backend_uart.c.obj)
 .text.sub_bytes
                0x0000000000003244       0x18 zephyr/libzephyr.a(aes_encrypt.c.obj)
 .text.tc_aes128_set_encrypt_key
                0x000000000000325c       0xa8 zephyr/libzephyr.a(aes_encrypt.c.obj)
                0x000000000000325c                tc_aes128_set_encrypt_key
 .text.compress
                0x0000000000003304      0x1d4 zephyr/libzephyr.a(sha256.c.obj)
 .text.tc_sha256_init
                0x00000000000034d8       0x58 zephyr/libzephyr.a(sha256.c.obj)
                0x00000000000034d8                tc_sha256_init
 .text.nrf_cc3xx_platform_abort_init
                0x0000000000003530        0xc zephyr/libzephyr.a(nrf_cc3xx_platform_abort_zephyr.c.obj)
                0x0000000000003530                nrf_cc3xx_platform_abort_init
 .text.mutex_free_platform
                0x000000000000353c       0x54 zephyr/libzephyr.a(nrf_cc3xx_platform_mutex_zephyr.c.obj)
 .text.mutex_lock_platform
                0x0000000000003590       0x74 zephyr/libzephyr.a(nrf_cc3xx_platform_mutex_zephyr.c.obj)
 .text.mutex_unlock_platform
                0x0000000000003604       0x68 zephyr/libzephyr.a(nrf_cc3xx_platform_mutex_zephyr.c.obj)
 .text.mutex_init_platform
                0x000000000000366c       0x94 zephyr/libzephyr.a(nrf_cc3xx_platform_mutex_zephyr.c.obj)
 .text.nrf_cc3xx_platform_mutex_init
                0x0000000000003700       0x2c zephyr/libzephyr.a(nrf_cc3xx_platform_mutex_zephyr.c.obj)
                0x0000000000003700                nrf_cc3xx_platform_mutex_init
 .text.z_arm_cpu_idle_init
                0x000000000000372c        0xc zephyr/arch/arch/arm/core/aarch32/libarch__arm__core__aarch32.a(cpu_idle.S.obj)
                0x000000000000372c                z_arm_cpu_idle_init
 .text.arch_cpu_idle
                0x0000000000003738       0x28 zephyr/arch/arch/arm/core/aarch32/libarch__arm__core__aarch32.a(cpu_idle.S.obj)
                0x0000000000003738                arch_cpu_idle
 .text.arch_cpu_atomic_idle
                0x0000000000003760       0x24 zephyr/arch/arch/arm/core/aarch32/libarch__arm__core__aarch32.a(cpu_idle.S.obj)
                0x0000000000003760                arch_cpu_atomic_idle
 .text.z_arm_fatal_error
                0x0000000000003784       0xcc zephyr/arch/arch/arm/core/aarch32/libarch__arm__core__aarch32.a(fatal.c.obj)
                0x0000000000003784                z_arm_fatal_error
 .text.arch_irq_enable
                0x0000000000003850       0x1c zephyr/arch/arch/arm/core/aarch32/libarch__arm__core__aarch32.a(irq_manage.c.obj)
                0x0000000000003850                arch_irq_enable
 .text.arch_irq_disable
                0x000000000000386c       0x28 zephyr/arch/arch/arm/core/aarch32/libarch__arm__core__aarch32.a(irq_manage.c.obj)
                0x000000000000386c                arch_irq_disable
 .text.arch_irq_is_enabled
                0x0000000000003894       0x1c zephyr/arch/arch/arm/core/aarch32/libarch__arm__core__aarch32.a(irq_manage.c.obj)
                0x0000000000003894                arch_irq_is_enabled
 .text.z_arm_irq_priority_set
                0x00000000000038b0       0x2c zephyr/arch/arch/arm/core/aarch32/libarch__arm__core__aarch32.a(irq_manage.c.obj)
                0x00000000000038b0                z_arm_irq_priority_set
 .text.z_SysNmiOnReset
                0x00000000000038dc        0x8 zephyr/arch/arch/arm/core/aarch32/libarch__arm__core__aarch32.a(nmi_on_reset.S.obj)
                0x00000000000038dc                z_SysNmiOnReset
 .text.z_arm_prep_c
                0x00000000000038e4       0x38 zephyr/arch/arch/arm/core/aarch32/libarch__arm__core__aarch32.a(prep_c.c.obj)
                0x00000000000038e4                z_arm_prep_c
 .text.arch_swap
                0x000000000000391c       0x34 zephyr/arch/arch/arm/core/aarch32/libarch__arm__core__aarch32.a(swap.c.obj)
                0x000000000000391c                arch_swap
 .text.z_arm_pendsv
                0x0000000000003950       0x68 zephyr/arch/arch/arm/core/aarch32/libarch__arm__core__aarch32.a(swap_helper.S.obj)
                0x0000000000003950                z_arm_pendsv
 .text.z_arm_svc
                0x00000000000039b8       0x20 zephyr/arch/arch/arm/core/aarch32/libarch__arm__core__aarch32.a(swap_helper.S.obj)
                0x00000000000039b8                z_arm_svc
 .text.arch_new_thread
                0x00000000000039d8       0x38 zephyr/arch/arch/arm/core/aarch32/libarch__arm__core__aarch32.a(thread.c.obj)
                0x00000000000039d8                arch_new_thread
 .text.arch_switch_to_main_thread
                0x0000000000003a10       0x34 zephyr/arch/arch/arm/core/aarch32/libarch__arm__core__aarch32.a(thread.c.obj)
                0x0000000000003a10                arch_switch_to_main_thread
 .text._isr_wrapper
                0x0000000000003a44       0x28 zephyr/arch/arch/arm/core/aarch32/libarch__arm__core__aarch32.a(isr_wrapper.S.obj)
                0x0000000000003a44                _isr_wrapper
 .text.arch_tls_stack_setup
                0x0000000000003a6c       0x5c zephyr/arch/arch/arm/core/aarch32/libarch__arm__core__aarch32.a(tls.c.obj)
                0x0000000000003a6c                arch_tls_stack_setup
 .text._HandlerModeExit
                0x0000000000003ac8       0x1c zephyr/arch/arch/arm/core/aarch32/cortex_m/libarch__arm__core__aarch32__cortex_m.a(exc_exit.S.obj)
                0x0000000000003ac8                z_arm_int_exit
                0x0000000000003ac8                z_arm_exc_exit
 .text.mem_manage_fault.constprop.0
                0x0000000000003ae4      0x144 zephyr/arch/arch/arm/core/aarch32/cortex_m/libarch__arm__core__aarch32__cortex_m.a(fault.c.obj)
 .text.bus_fault.constprop.0
                0x0000000000003c28      0x154 zephyr/arch/arch/arm/core/aarch32/cortex_m/libarch__arm__core__aarch32__cortex_m.a(fault.c.obj)
 .text.usage_fault.constprop.0
                0x0000000000003d7c      0x128 zephyr/arch/arch/arm/core/aarch32/cortex_m/libarch__arm__core__aarch32__cortex_m.a(fault.c.obj)
 .text.z_arm_fault
                0x0000000000003ea4      0x224 zephyr/arch/arch/arm/core/aarch32/cortex_m/libarch__arm__core__aarch32__cortex_m.a(fault.c.obj)
                0x0000000000003ea4                z_arm_fault
 .text.z_arm_fault_init
                0x00000000000040c8       0x18 zephyr/arch/arch/arm/core/aarch32/cortex_m/libarch__arm__core__aarch32__cortex_m.a(fault.c.obj)
                0x00000000000040c8                z_arm_fault_init
 .text.__fault  0x00000000000040e0       0x14 zephyr/arch/arch/arm/core/aarch32/cortex_m/libarch__arm__core__aarch32__cortex_m.a(fault_s.S.obj)
                0x00000000000040e0                z_arm_usage_fault
                0x00000000000040e0                z_arm_mpu_fault
                0x00000000000040e0                z_arm_exc_spurious
                0x00000000000040e0                z_arm_debug_monitor
                0x00000000000040e0                z_arm_hard_fault
                0x00000000000040e0                z_arm_bus_fault
 .text.z_arm_interrupt_init
                0x00000000000040f4       0x18 zephyr/arch/arch/arm/core/aarch32/cortex_m/libarch__arm__core__aarch32__cortex_m.a(irq_init.c.obj)
                0x00000000000040f4                z_arm_interrupt_init
 .text._reset_section
                0x000000000000410c       0x60 zephyr/arch/arch/arm/core/aarch32/cortex_m/libarch__arm__core__aarch32__cortex_m.a(reset.S.obj)
                0x000000000000410c                __start
                0x000000000000410c                z_arm_reset
 .text.sys_arch_reboot
                0x000000000000416c       0x24 zephyr/arch/arch/arm/core/aarch32/cortex_m/libarch__arm__core__aarch32__cortex_m.a(scb.c.obj)
                0x000000000000416c                sys_arch_reboot
 .text.z_arm_clear_arm_mpu_config
                0x0000000000004190       0x24 zephyr/arch/arch/arm/core/aarch32/cortex_m/libarch__arm__core__aarch32__cortex_m.a(scb.c.obj)
                0x0000000000004190                z_arm_clear_arm_mpu_config
 .text.z_arm_init_arch_hw_at_boot
                0x00000000000041b4       0x4c zephyr/arch/arch/arm/core/aarch32/cortex_m/libarch__arm__core__aarch32__cortex_m.a(scb.c.obj)
                0x00000000000041b4                z_arm_init_arch_hw_at_boot
 .text.z_impl_k_thread_abort
                0x0000000000004200       0x2c zephyr/arch/arch/arm/core/aarch32/cortex_m/libarch__arm__core__aarch32__cortex_m.a(thread_abort.c.obj)
                0x0000000000004200                z_impl_k_thread_abort
 .text.z_arm_configure_static_mpu_regions
                0x000000000000422c       0x38 zephyr/arch/arch/arm/core/aarch32/mpu/libarch__arm__core__aarch32__mpu.a(arm_core_mpu.c.obj)
                0x000000000000422c                z_arm_configure_static_mpu_regions
 .text.region_init
                0x0000000000004264       0x34 zephyr/arch/arch/arm/core/aarch32/mpu/libarch__arm__core__aarch32__mpu.a(arm_mpu.c.obj)
 .text.region_allocate_and_init.part.0
                0x0000000000004298       0x30 zephyr/arch/arch/arm/core/aarch32/mpu/libarch__arm__core__aarch32__mpu.a(arm_mpu.c.obj)
 .text.mpu_configure_regions_and_partition.constprop.0
                0x00000000000042c8      0x19c zephyr/arch/arch/arm/core/aarch32/mpu/libarch__arm__core__aarch32__mpu.a(arm_mpu.c.obj)
 .text.arm_core_mpu_enable
                0x0000000000004464       0x18 zephyr/arch/arch/arm/core/aarch32/mpu/libarch__arm__core__aarch32__mpu.a(arm_mpu.c.obj)
                0x0000000000004464                arm_core_mpu_enable
 .text.arm_core_mpu_disable
                0x000000000000447c       0x14 zephyr/arch/arch/arm/core/aarch32/mpu/libarch__arm__core__aarch32__mpu.a(arm_mpu.c.obj)
                0x000000000000447c                arm_core_mpu_disable
 .text.arm_core_mpu_configure_static_mpu_regions
                0x0000000000004490       0x14 zephyr/arch/arch/arm/core/aarch32/mpu/libarch__arm__core__aarch32__mpu.a(arm_mpu.c.obj)
                0x0000000000004490                arm_core_mpu_configure_static_mpu_regions
 .text.arm_core_mpu_mark_areas_for_dynamic_regions
                0x00000000000044a4       0xb8 zephyr/arch/arch/arm/core/aarch32/mpu/libarch__arm__core__aarch32__mpu.a(arm_mpu.c.obj)
                0x00000000000044a4                arm_core_mpu_mark_areas_for_dynamic_regions
 .text.z_arm_mpu_init
                0x000000000000455c       0x4c zephyr/arch/arch/arm/core/aarch32/mpu/libarch__arm__core__aarch32__mpu.a(arm_mpu.c.obj)
                0x000000000000455c                z_arm_mpu_init
 .text.z_impl_zephyr_fputc
                0x00000000000045a8       0x10 zephyr/lib/libc/picolibc/liblib__libc__picolibc.a(libc-hooks.c.obj)
                0x00000000000045a8                z_impl_zephyr_fputc
 .text.__stdout_hook_install
                0x00000000000045b8       0x18 zephyr/lib/libc/picolibc/liblib__libc__picolibc.a(libc-hooks.c.obj)
                0x00000000000045b8                __stdout_hook_install
 .text.cbvprintf
                0x00000000000045d0       0x38 zephyr/lib/libc/picolibc/liblib__libc__picolibc.a(libc-hooks.c.obj)
                0x00000000000045d0                cbvprintf
 .text.malloc_prepare
                0x0000000000004608       0x24 zephyr/lib/libc/common/liblib__libc__common.a(malloc.c.obj)
 .text.remoteproc_mgr_boot
                0x000000000000462c       0x68 zephyr/boards/arm/nrf5340dk_nrf5340/libboards__arm__nrf5340dk_nrf5340.a(nrf5340_cpunet_reset.c.obj)
 .text.bt_hex   0x0000000000004694       0x44 zephyr/subsys/bluetooth/common/libsubsys__bluetooth__common.a(bt_str.c.obj)
                0x0000000000004694                bt_hex
 .text.bt_addr_le_str
                0x00000000000046d8       0x7c zephyr/subsys/bluetooth/common/libsubsys__bluetooth__common.a(bt_str.c.obj)
                0x00000000000046d8                bt_addr_le_str
 .text.long_wq_init
                0x0000000000004754       0x38 zephyr/subsys/bluetooth/host/libsubsys__bluetooth__host.a(long_wq.c.obj)
 .text.bt_long_wq_schedule
                0x000000000000478c        0xc zephyr/subsys/bluetooth/host/libsubsys__bluetooth__host.a(long_wq.c.obj)
                0x000000000000478c                bt_long_wq_schedule
 .text.uuid_to_uuid128
                0x0000000000004798       0x78 zephyr/subsys/bluetooth/host/libsubsys__bluetooth__host.a(uuid.c.obj)
 .text.bt_buf_get_rx
                0x0000000000004810       0x2c zephyr/subsys/bluetooth/host/libsubsys__bluetooth__host.a(buf.c.obj)
                0x0000000000004810                bt_buf_get_rx
 .text.bt_buf_get_cmd_complete
                0x000000000000483c       0x38 zephyr/subsys/bluetooth/host/libsubsys__bluetooth__host.a(buf.c.obj)
                0x000000000000483c                bt_buf_get_cmd_complete
 .text.bt_buf_get_evt
                0x0000000000004874       0x58 zephyr/subsys/bluetooth/host/libsubsys__bluetooth__host.a(buf.c.obj)
                0x0000000000004874                bt_buf_get_evt
 .text.ver_str  0x00000000000048cc       0x3c zephyr/subsys/bluetooth/host/libsubsys__bluetooth__host.a(hci_core.c.obj)
 .text.hci_disconn_complete_prio
                0x0000000000004908       0x4c zephyr/subsys/bluetooth/host/libsubsys__bluetooth__host.a(hci_core.c.obj)
 .text.find_pending_connect.part.0
                0x0000000000004954       0x2c zephyr/subsys/bluetooth/host/libsubsys__bluetooth__host.a(hci_core.c.obj)
 .text.hci_data_buf_overflow
                0x0000000000004980       0x30 zephyr/subsys/bluetooth/host/libsubsys__bluetooth__host.a(hci_core.c.obj)
 .text.le_conn_param_neg_reply.part.0
                0x00000000000049b0       0x24 zephyr/subsys/bluetooth/host/libsubsys__bluetooth__host.a(hci_core.c.obj)
 .text.rx_queue_put
                0x00000000000049d4       0x50 zephyr/subsys/bluetooth/host/libsubsys__bluetooth__host.a(hci_core.c.obj)
 .text.handle_event.part.0
                0x0000000000004a24       0x48 zephyr/subsys/bluetooth/host/libsubsys__bluetooth__host.a(hci_core.c.obj)
 .text.hci_hardware_error
                0x0000000000004a6c       0x34 zephyr/subsys/bluetooth/host/libsubsys__bluetooth__host.a(hci_core.c.obj)
 .text.hci_disconn_complete
                0x0000000000004aa0       0x5c zephyr/subsys/bluetooth/host/libsubsys__bluetooth__host.a(hci_core.c.obj)
 .text.le_data_len_change
                0x0000000000004afc       0x44 zephyr/subsys/bluetooth/host/libsubsys__bluetooth__host.a(hci_core.c.obj)
 .text.le_phy_update_complete
                0x0000000000004b40       0x44 zephyr/subsys/bluetooth/host/libsubsys__bluetooth__host.a(hci_core.c.obj)
 .text.handle_event
                0x0000000000004b84       0x60 zephyr/subsys/bluetooth/host/libsubsys__bluetooth__host.a(hci_core.c.obj)
 .text.rx_work_handler
                0x0000000000004be4      0x1b8 zephyr/subsys/bluetooth/host/libsubsys__bluetooth__host.a(hci_core.c.obj)
 .text.hci_le_meta_event
                0x0000000000004d9c       0x20 zephyr/subsys/bluetooth/host/libsubsys__bluetooth__host.a(hci_core.c.obj)
 .text.le_remote_feat_complete
                0x0000000000004dbc       0x68 zephyr/subsys/bluetooth/host/libsubsys__bluetooth__host.a(hci_core.c.obj)
 .text.hci_cmd_done
                0x0000000000004e24      0x130 zephyr/subsys/bluetooth/host/libsubsys__bluetooth__host.a(hci_core.c.obj)
 .text.hci_cmd_status
                0x0000000000004f54       0x2c zephyr/subsys/bluetooth/host/libsubsys__bluetooth__host.a(hci_core.c.obj)
 .text.hci_cmd_complete
                0x0000000000004f80       0x30 zephyr/subsys/bluetooth/host/libsubsys__bluetooth__host.a(hci_core.c.obj)
 .text.hci_num_completed_packets
                0x0000000000004fb0      0x154 zephyr/subsys/bluetooth/host/libsubsys__bluetooth__host.a(hci_core.c.obj)
 .text.le_conn_update_complete
                0x0000000000005104       0xd8 zephyr/subsys/bluetooth/host/libsubsys__bluetooth__host.a(hci_core.c.obj)
 .text.bt_hci_cmd_state_set_init
                0x00000000000051dc       0x24 zephyr/subsys/bluetooth/host/libsubsys__bluetooth__host.a(hci_core.c.obj)
                0x00000000000051dc                bt_hci_cmd_state_set_init
 .text.bt_hci_cmd_create
                0x0000000000005200       0x74 zephyr/subsys/bluetooth/host/libsubsys__bluetooth__host.a(hci_core.c.obj)
                0x0000000000005200                bt_hci_cmd_create
 .text.bt_hci_cmd_send_sync
                0x0000000000005274      0x104 zephyr/subsys/bluetooth/host/libsubsys__bluetooth__host.a(hci_core.c.obj)
                0x0000000000005274                bt_hci_cmd_send_sync
 .text.hci_le_read_max_data_len
                0x0000000000005378       0x50 zephyr/subsys/bluetooth/host/libsubsys__bluetooth__host.a(hci_core.c.obj)
 .text.bt_hci_le_rand
                0x00000000000053c8       0x58 zephyr/subsys/bluetooth/host/libsubsys__bluetooth__host.a(hci_core.c.obj)
                0x00000000000053c8                bt_hci_le_rand
 .text.bt_hci_le_enh_conn_complete
                0x0000000000005420      0x2f0 zephyr/subsys/bluetooth/host/libsubsys__bluetooth__host.a(hci_core.c.obj)
                0x0000000000005420                bt_hci_le_enh_conn_complete
 .text.le_legacy_conn_complete
                0x0000000000005710       0x64 zephyr/subsys/bluetooth/host/libsubsys__bluetooth__host.a(hci_core.c.obj)
 .text.bt_send  0x0000000000005774       0x10 zephyr/subsys/bluetooth/host/libsubsys__bluetooth__host.a(hci_core.c.obj)
                0x0000000000005774                bt_send
 .text.bt_hci_cmd_send
                0x0000000000005784       0x6c zephyr/subsys/bluetooth/host/libsubsys__bluetooth__host.a(hci_core.c.obj)
                0x0000000000005784                bt_hci_cmd_send
 .text.bt_hci_host_num_completed_packets
                0x00000000000057f0       0xf0 zephyr/subsys/bluetooth/host/libsubsys__bluetooth__host.a(hci_core.c.obj)
                0x00000000000057f0                bt_hci_host_num_completed_packets
 .text.le_conn_param_req
                0x00000000000058e0       0xc8 zephyr/subsys/bluetooth/host/libsubsys__bluetooth__host.a(hci_core.c.obj)
 .text.hci_tx_thread
                0x00000000000059a8      0x194 zephyr/subsys/bluetooth/host/libsubsys__bluetooth__host.a(hci_core.c.obj)
 .text.hci_event_prio
                0x0000000000005b3c       0xa4 zephyr/subsys/bluetooth/host/libsubsys__bluetooth__host.a(hci_core.c.obj)
                0x0000000000005b3c                hci_event_prio
 .text.bt_recv  0x0000000000005be0       0x68 zephyr/subsys/bluetooth/host/libsubsys__bluetooth__host.a(hci_core.c.obj)
                0x0000000000005be0                bt_recv
 .text.bt_hci_driver_register
                0x0000000000005c48       0x28 zephyr/subsys/bluetooth/host/libsubsys__bluetooth__host.a(hci_core.c.obj)
                0x0000000000005c48                bt_hci_driver_register
 .text.bt_finalize_init
                0x0000000000005c70      0x134 zephyr/subsys/bluetooth/host/libsubsys__bluetooth__host.a(hci_core.c.obj)
                0x0000000000005c70                bt_finalize_init
 .text.bt_init  0x0000000000005da4      0x58c zephyr/subsys/bluetooth/host/libsubsys__bluetooth__host.a(hci_core.c.obj)
 .text.init_work
                0x0000000000006330       0x18 zephyr/subsys/bluetooth/host/libsubsys__bluetooth__host.a(hci_core.c.obj)
 .text.bt_enable
                0x0000000000006348      0x124 zephyr/subsys/bluetooth/host/libsubsys__bluetooth__host.a(hci_core.c.obj)
                0x0000000000006348                bt_enable
 .text.bt_get_name
                0x000000000000646c        0x8 zephyr/subsys/bluetooth/host/libsubsys__bluetooth__host.a(hci_core.c.obj)
                0x000000000000646c                bt_get_name
 .text.id_find  0x0000000000006474       0x30 zephyr/subsys/bluetooth/host/libsubsys__bluetooth__host.a(id.c.obj)
 .text.id_create.constprop.0
                0x00000000000064a4       0x5c zephyr/subsys/bluetooth/host/libsubsys__bluetooth__host.a(id.c.obj)
 .text.set_random_address
                0x0000000000006500       0x50 zephyr/subsys/bluetooth/host/libsubsys__bluetooth__host.a(id.c.obj)
 .text.bt_id_create
                0x0000000000006550       0xa8 zephyr/subsys/bluetooth/host/libsubsys__bluetooth__host.a(id.c.obj)
                0x0000000000006550                bt_id_create
 .text.bt_id_read_public_addr
                0x00000000000065f8       0x84 zephyr/subsys/bluetooth/host/libsubsys__bluetooth__host.a(id.c.obj)
                0x00000000000065f8                bt_id_read_public_addr
 .text.bt_setup_public_id_addr
                0x000000000000667c       0x20 zephyr/subsys/bluetooth/host/libsubsys__bluetooth__host.a(id.c.obj)
                0x000000000000667c                bt_setup_public_id_addr
 .text.bt_read_static_addr
                0x000000000000669c       0xa8 zephyr/subsys/bluetooth/host/libsubsys__bluetooth__host.a(id.c.obj)
                0x000000000000669c                bt_read_static_addr
 .text.bt_setup_random_id_addr
                0x0000000000006744       0x5c zephyr/subsys/bluetooth/host/libsubsys__bluetooth__host.a(id.c.obj)
                0x0000000000006744                bt_setup_random_id_addr
 .text.bt_id_set_adv_own_addr
                0x00000000000067a0       0xe0 zephyr/subsys/bluetooth/host/libsubsys__bluetooth__host.a(id.c.obj)
                0x00000000000067a0                bt_id_set_adv_own_addr
 .text.bt_id_init
                0x0000000000006880       0x60 zephyr/subsys/bluetooth/host/libsubsys__bluetooth__host.a(id.c.obj)
                0x0000000000006880                bt_id_init
 .text.hci_set_ad
                0x00000000000068e0       0xe0 zephyr/subsys/bluetooth/host/libsubsys__bluetooth__host.a(adv.c.obj)
 .text.valid_adv_param
                0x00000000000069c0       0x84 zephyr/subsys/bluetooth/host/libsubsys__bluetooth__host.a(adv.c.obj)
 .text.adv_is_directed
                0x0000000000006a44       0x18 zephyr/subsys/bluetooth/host/libsubsys__bluetooth__host.a(adv.c.obj)
 .text.le_adv_start_add_conn
                0x0000000000006a5c       0x60 zephyr/subsys/bluetooth/host/libsubsys__bluetooth__host.a(adv.c.obj)
 .text.bt_le_adv_lookup_legacy
                0x0000000000006abc        0x8 zephyr/subsys/bluetooth/host/libsubsys__bluetooth__host.a(adv.c.obj)
                0x0000000000006abc                bt_le_adv_lookup_legacy
 .text.bt_le_adv_start_legacy
                0x0000000000006ac4      0x264 zephyr/subsys/bluetooth/host/libsubsys__bluetooth__host.a(adv.c.obj)
                0x0000000000006ac4                bt_le_adv_start_legacy
 .text.bt_le_adv_start
                0x0000000000006d28       0x64 zephyr/subsys/bluetooth/host/libsubsys__bluetooth__host.a(adv.c.obj)
                0x0000000000006d28                bt_le_adv_start
 .text.bt_le_adv_stop
                0x0000000000006d8c       0x78 zephyr/subsys/bluetooth/host/libsubsys__bluetooth__host.a(adv.c.obj)
                0x0000000000006d8c                bt_le_adv_stop
 .text.adv_timeout
                0x0000000000006e04       0x38 zephyr/subsys/bluetooth/host/libsubsys__bluetooth__host.a(adv.c.obj)
 .text.bt_le_adv_resume
                0x0000000000006e3c       0xf4 zephyr/subsys/bluetooth/host/libsubsys__bluetooth__host.a(adv.c.obj)
                0x0000000000006e3c                bt_le_adv_resume
 .text.prng_reseed.constprop.0
                0x0000000000006f30       0x6c zephyr/subsys/bluetooth/host/libsubsys__bluetooth__host.a(crypto.c.obj)
 .text.prng_init
                0x0000000000006f9c       0x50 zephyr/subsys/bluetooth/host/libsubsys__bluetooth__host.a(crypto.c.obj)
                0x0000000000006f9c                prng_init
 .text.bt_rand  0x0000000000006fec       0x3c zephyr/subsys/bluetooth/host/libsubsys__bluetooth__host.a(crypto.c.obj)
                0x0000000000006fec                bt_rand
 .text.notify_connected
                0x0000000000007028       0x3c zephyr/subsys/bluetooth/host/libsubsys__bluetooth__host.a(conn.c.obj)
 .text.bt_conn_create_pdu_timeout.part.0
                0x0000000000007064       0x28 zephyr/subsys/bluetooth/host/libsubsys__bluetooth__host.a(conn.c.obj)
 .text.tx_notify
                0x000000000000708c       0x60 zephyr/subsys/bluetooth/host/libsubsys__bluetooth__host.a(conn.c.obj)
 .text.conn_tx_destroy
                0x00000000000070ec       0x2c zephyr/subsys/bluetooth/host/libsubsys__bluetooth__host.a(conn.c.obj)
 .text.send_frag
                0x0000000000007118      0x1c0 zephyr/subsys/bluetooth/host/libsubsys__bluetooth__host.a(conn.c.obj)
 .text.bt_conn_get_pkts
                0x00000000000072d8       0x18 zephyr/subsys/bluetooth/host/libsubsys__bluetooth__host.a(conn.c.obj)
                0x00000000000072d8                bt_conn_get_pkts
 .text.bt_conn_new
                0x00000000000072f0       0x5c zephyr/subsys/bluetooth/host/libsubsys__bluetooth__host.a(conn.c.obj)
                0x00000000000072f0                bt_conn_new
 .text.bt_conn_recv
                0x000000000000734c      0x138 zephyr/subsys/bluetooth/host/libsubsys__bluetooth__host.a(conn.c.obj)
                0x000000000000734c                bt_conn_recv
 .text.bt_conn_send_cb
                0x0000000000007484      0x100 zephyr/subsys/bluetooth/host/libsubsys__bluetooth__host.a(conn.c.obj)
                0x0000000000007484                bt_conn_send_cb
 .text.bt_conn_prepare_events
                0x0000000000007584       0xb0 zephyr/subsys/bluetooth/host/libsubsys__bluetooth__host.a(conn.c.obj)
                0x0000000000007584                bt_conn_prepare_events
 .text.bt_conn_set_state
                0x0000000000007634      0x204 zephyr/subsys/bluetooth/host/libsubsys__bluetooth__host.a(conn.c.obj)
                0x0000000000007634                bt_conn_set_state
 .text.bt_conn_lookup_handle
                0x0000000000007838       0x58 zephyr/subsys/bluetooth/host/libsubsys__bluetooth__host.a(conn.c.obj)
                0x0000000000007838                bt_conn_lookup_handle
 .text.bt_conn_index
                0x0000000000007890       0x18 zephyr/subsys/bluetooth/host/libsubsys__bluetooth__host.a(conn.c.obj)
                0x0000000000007890                bt_conn_index
 .text.bt_conn_create_pdu_timeout
                0x00000000000078a8       0x2c zephyr/subsys/bluetooth/host/libsubsys__bluetooth__host.a(conn.c.obj)
                0x00000000000078a8                bt_conn_create_pdu_timeout
 .text.notify_le_param_updated
                0x00000000000078d4       0x88 zephyr/subsys/bluetooth/host/libsubsys__bluetooth__host.a(conn.c.obj)
                0x00000000000078d4                notify_le_param_updated
 .text.le_param_req
                0x000000000000795c       0x74 zephyr/subsys/bluetooth/host/libsubsys__bluetooth__host.a(conn.c.obj)
                0x000000000000795c                le_param_req
 .text.bt_conn_cb_register
                0x00000000000079d0       0x10 zephyr/subsys/bluetooth/host/libsubsys__bluetooth__host.a(conn.c.obj)
                0x00000000000079d0                bt_conn_cb_register
 .text.bt_conn_add_le
                0x00000000000079e0       0x38 zephyr/subsys/bluetooth/host/libsubsys__bluetooth__host.a(conn.c.obj)
                0x00000000000079e0                bt_conn_add_le
 .text.bt_conn_lookup_addr_le
                0x0000000000007a18       0x4c zephyr/subsys/bluetooth/host/libsubsys__bluetooth__host.a(conn.c.obj)
                0x0000000000007a18                bt_conn_lookup_addr_le
 .text.bt_conn_exists_le
                0x0000000000007a64       0x60 zephyr/subsys/bluetooth/host/libsubsys__bluetooth__host.a(conn.c.obj)
                0x0000000000007a64                bt_conn_exists_le
 .text.bt_conn_lookup_state_le
                0x0000000000007ac4       0x5c zephyr/subsys/bluetooth/host/libsubsys__bluetooth__host.a(conn.c.obj)
                0x0000000000007ac4                bt_conn_lookup_state_le
 .text.send_conn_le_param_update
                0x0000000000007b20       0x68 zephyr/subsys/bluetooth/host/libsubsys__bluetooth__host.a(conn.c.obj)
 .text.deferred_work
                0x0000000000007b88      0x118 zephyr/subsys/bluetooth/host/libsubsys__bluetooth__host.a(conn.c.obj)
 .text.bt_conn_create_frag_timeout
                0x0000000000007ca0        0xc zephyr/subsys/bluetooth/host/libsubsys__bluetooth__host.a(conn.c.obj)
                0x0000000000007ca0                bt_conn_create_frag_timeout
 .text.bt_conn_process_tx
                0x0000000000007cac      0x118 zephyr/subsys/bluetooth/host/libsubsys__bluetooth__host.a(conn.c.obj)
                0x0000000000007cac                bt_conn_process_tx
 .text.bt_conn_init
                0x0000000000007dc4       0x3c zephyr/subsys/bluetooth/host/libsubsys__bluetooth__host.a(conn.c.obj)
                0x0000000000007dc4                bt_conn_init
 .text.l2cap_create_le_sig_pdu.part.0
                0x0000000000007e00       0x2c zephyr/subsys/bluetooth/host/libsubsys__bluetooth__host.a(l2cap.c.obj)
 .text.l2cap_accept.part.0
                0x0000000000007e2c       0x30 zephyr/subsys/bluetooth/host/libsubsys__bluetooth__host.a(l2cap.c.obj)
 .text.l2cap_accept
                0x0000000000007e5c       0x28 zephyr/subsys/bluetooth/host/libsubsys__bluetooth__host.a(l2cap.c.obj)
 .text.bt_l2cap_connected
                0x0000000000007e84       0x8c zephyr/subsys/bluetooth/host/libsubsys__bluetooth__host.a(l2cap.c.obj)
                0x0000000000007e84                bt_l2cap_connected
 .text.l2cap_recv
                0x0000000000007f10       0xec zephyr/subsys/bluetooth/host/libsubsys__bluetooth__host.a(l2cap.c.obj)
 .text.bt_l2cap_recv
                0x0000000000007ffc       0x7c zephyr/subsys/bluetooth/host/libsubsys__bluetooth__host.a(l2cap.c.obj)
                0x0000000000007ffc                bt_l2cap_recv
 .text.bt_l2cap_update_conn_param
                0x0000000000008078       0x64 zephyr/subsys/bluetooth/host/libsubsys__bluetooth__host.a(l2cap.c.obj)
                0x0000000000008078                bt_l2cap_update_conn_param
 .text.att_op_get_type
                0x00000000000080dc       0x74 zephyr/subsys/bluetooth/host/libsubsys__bluetooth__host.a(att.c.obj)
 .text.bt_att_released
                0x0000000000008150        0xc zephyr/subsys/bluetooth/host/libsubsys__bluetooth__host.a(att.c.obj)
 .text.tx_meta_data_free
                0x000000000000815c       0x40 zephyr/subsys/bluetooth/host/libsubsys__bluetooth__host.a(att.c.obj)
 .text.find_type_cb
                0x000000000000819c      0x198 zephyr/subsys/bluetooth/host/libsubsys__bluetooth__host.a(att.c.obj)
 .text.send_err_rsp.part.0
                0x0000000000008334       0x24 zephyr/subsys/bluetooth/host/libsubsys__bluetooth__host.a(att.c.obj)
 .text.att_get  0x0000000000008358       0x64 zephyr/subsys/bluetooth/host/libsubsys__bluetooth__host.a(att.c.obj)
 .text.bt_att_connected
                0x00000000000083bc       0x38 zephyr/subsys/bluetooth/host/libsubsys__bluetooth__host.a(att.c.obj)
 .text.read_group_cb
                0x00000000000083f4       0xb8 zephyr/subsys/bluetooth/host/libsubsys__bluetooth__host.a(att.c.obj)
 .text.bt_att_chan_create_pdu
                0x00000000000084ac      0x13c zephyr/subsys/bluetooth/host/libsubsys__bluetooth__host.a(att.c.obj)
 .text.read_type_cb
                0x00000000000085e8       0xac zephyr/subsys/bluetooth/host/libsubsys__bluetooth__host.a(att.c.obj)
 .text.bt_att_accept
                0x0000000000008694      0x120 zephyr/subsys/bluetooth/host/libsubsys__bluetooth__host.a(att.c.obj)
 .text.chan_send
                0x00000000000087b4       0xf8 zephyr/subsys/bluetooth/host/libsubsys__bluetooth__host.a(att.c.obj)
 .text.bt_att_recv
                0x00000000000088ac      0x174 zephyr/subsys/bluetooth/host/libsubsys__bluetooth__host.a(att.c.obj)
 .text.att_write_rsp.constprop.0
                0x0000000000008a20       0xc4 zephyr/subsys/bluetooth/host/libsubsys__bluetooth__host.a(att.c.obj)
 .text.bt_att_create_pdu
                0x0000000000008ae4       0x7c zephyr/subsys/bluetooth/host/libsubsys__bluetooth__host.a(att.c.obj)
                0x0000000000008ae4                bt_att_create_pdu
 .text.bt_att_create_rsp_pdu
                0x0000000000008b60       0x4c zephyr/subsys/bluetooth/host/libsubsys__bluetooth__host.a(att.c.obj)
                0x0000000000008b60                bt_att_create_rsp_pdu
 .text.att_read_group_req
                0x0000000000008bac       0xfc zephyr/subsys/bluetooth/host/libsubsys__bluetooth__host.a(att.c.obj)
 .text.att_read_mult_vl_req
                0x0000000000008ca8       0xa8 zephyr/subsys/bluetooth/host/libsubsys__bluetooth__host.a(att.c.obj)
 .text.att_read_mult_req
                0x0000000000008d50       0xa8 zephyr/subsys/bluetooth/host/libsubsys__bluetooth__host.a(att.c.obj)
 .text.att_read_rsp
                0x0000000000008df8       0x9c zephyr/subsys/bluetooth/host/libsubsys__bluetooth__host.a(att.c.obj)
 .text.att_read_type_req
                0x0000000000008e94       0xc8 zephyr/subsys/bluetooth/host/libsubsys__bluetooth__host.a(att.c.obj)
 .text.att_find_type_req
                0x0000000000008f5c       0xcc zephyr/subsys/bluetooth/host/libsubsys__bluetooth__host.a(att.c.obj)
 .text.att_find_info_req
                0x0000000000009028       0x74 zephyr/subsys/bluetooth/host/libsubsys__bluetooth__host.a(att.c.obj)
 .text.bt_att_init
                0x000000000000909c       0x30 zephyr/subsys/bluetooth/host/libsubsys__bluetooth__host.a(att.c.obj)
                0x000000000000909c                bt_att_init
 .text.bt_att_req_alloc
                0x00000000000090cc       0x50 zephyr/subsys/bluetooth/host/libsubsys__bluetooth__host.a(att.c.obj)
                0x00000000000090cc                bt_att_req_alloc
 .text.bt_att_req_free
                0x000000000000911c       0x28 zephyr/subsys/bluetooth/host/libsubsys__bluetooth__host.a(att.c.obj)
                0x000000000000911c                bt_att_req_free
 .text.att_handle_rsp
                0x0000000000009144       0x8c zephyr/subsys/bluetooth/host/libsubsys__bluetooth__host.a(att.c.obj)
 .text.bt_att_disconnected
                0x00000000000091d0       0xcc zephyr/subsys/bluetooth/host/libsubsys__bluetooth__host.a(att.c.obj)
 .text.att_timeout
                0x000000000000929c       0xc4 zephyr/subsys/bluetooth/host/libsubsys__bluetooth__host.a(att.c.obj)
 .text.find_cf_cfg
                0x0000000000009360       0x5c zephyr/subsys/bluetooth/host/libsubsys__bluetooth__host.a(gatt.c.obj)
 .text.find_sc_cfg
                0x00000000000093bc       0x40 zephyr/subsys/bluetooth/host/libsubsys__bluetooth__host.a(gatt.c.obj)
 .text.find_ccc_cfg
                0x00000000000093fc       0x48 zephyr/subsys/bluetooth/host/libsubsys__bluetooth__host.a(gatt.c.obj)
 .text.read_ppcp
                0x0000000000009444       0x28 zephyr/subsys/bluetooth/host/libsubsys__bluetooth__host.a(gatt.c.obj)
 .text.bt_gatt_attr_write_ccc
                0x000000000000946c       0xc8 zephyr/subsys/bluetooth/host/libsubsys__bluetooth__host.a(gatt.c.obj)
                0x000000000000946c                bt_gatt_attr_write_ccc
 .text.clear_cf_cfg
                0x0000000000009534       0x28 zephyr/subsys/bluetooth/host/libsubsys__bluetooth__host.a(gatt.c.obj)
 .text.sc_save  0x000000000000955c       0x6c zephyr/subsys/bluetooth/host/libsubsys__bluetooth__host.a(gatt.c.obj)
 .text.disconnected_cb
                0x00000000000095c8       0xb4 zephyr/subsys/bluetooth/host/libsubsys__bluetooth__host.a(gatt.c.obj)
 .text.cf_write
                0x000000000000967c       0xa4 zephyr/subsys/bluetooth/host/libsubsys__bluetooth__host.a(gatt.c.obj)
 .text.sc_indicate_rsp
                0x0000000000009720       0x4c zephyr/subsys/bluetooth/host/libsubsys__bluetooth__host.a(gatt.c.obj)
 .text.bt_gatt_init
                0x000000000000976c       0x84 zephyr/subsys/bluetooth/host/libsubsys__bluetooth__host.a(gatt.c.obj)
                0x000000000000976c                bt_gatt_init
 .text.bt_gatt_attr_get_handle
                0x00000000000097f0       0x60 zephyr/subsys/bluetooth/host/libsubsys__bluetooth__host.a(gatt.c.obj)
                0x00000000000097f0                bt_gatt_attr_get_handle
 .text.bt_gatt_foreach_attr_type
                0x0000000000009850       0xb4 zephyr/subsys/bluetooth/host/libsubsys__bluetooth__host.a(gatt.c.obj)
                0x0000000000009850                bt_gatt_foreach_attr_type
 .text.db_hash_gen
                0x0000000000009904       0x88 zephyr/subsys/bluetooth/host/libsubsys__bluetooth__host.a(gatt.c.obj)
 .text.db_hash_read
                0x000000000000998c       0x64 zephyr/subsys/bluetooth/host/libsubsys__bluetooth__host.a(gatt.c.obj)
 .text.db_hash_process
                0x00000000000099f0       0x14 zephyr/subsys/bluetooth/host/libsubsys__bluetooth__host.a(gatt.c.obj)
 .text.bt_gatt_attr_next
                0x0000000000009a04       0x24 zephyr/subsys/bluetooth/host/libsubsys__bluetooth__host.a(gatt.c.obj)
                0x0000000000009a04                bt_gatt_attr_next
 .text.gatt_indicate
                0x0000000000009a28       0xf8 zephyr/subsys/bluetooth/host/libsubsys__bluetooth__host.a(gatt.c.obj)
 .text.bt_gatt_indicate
                0x0000000000009b20       0xf0 zephyr/subsys/bluetooth/host/libsubsys__bluetooth__host.a(gatt.c.obj)
                0x0000000000009b20                bt_gatt_indicate
 .text.sc_process
                0x0000000000009c10       0x60 zephyr/subsys/bluetooth/host/libsubsys__bluetooth__host.a(gatt.c.obj)
 .text.update_ccc
                0x0000000000009c70      0x114 zephyr/subsys/bluetooth/host/libsubsys__bluetooth__host.a(gatt.c.obj)
 .text.gatt_notify
                0x0000000000009d84       0xd0 zephyr/subsys/bluetooth/host/libsubsys__bluetooth__host.a(gatt.c.obj)
 .text.notify_cb
                0x0000000000009e54      0x138 zephyr/subsys/bluetooth/host/libsubsys__bluetooth__host.a(gatt.c.obj)
 .text.bt_gatt_connected
                0x0000000000009f8c       0x20 zephyr/subsys/bluetooth/host/libsubsys__bluetooth__host.a(gatt.c.obj)
                0x0000000000009f8c                bt_gatt_connected
 .text.bt_gatt_att_max_mtu_changed
                0x0000000000009fac       0x28 zephyr/subsys/bluetooth/host/libsubsys__bluetooth__host.a(gatt.c.obj)
                0x0000000000009fac                bt_gatt_att_max_mtu_changed
 .text.bt_gatt_disconnected
                0x0000000000009fd4       0x48 zephyr/subsys/bluetooth/host/libsubsys__bluetooth__host.a(gatt.c.obj)
                0x0000000000009fd4                bt_gatt_disconnected
 .text.bt_smp_accept.part.0
                0x000000000000a01c       0x30 zephyr/subsys/bluetooth/host/libsubsys__bluetooth__host.a(smp_null.c.obj)
 .text.bt_smp_accept
                0x000000000000a04c       0x28 zephyr/subsys/bluetooth/host/libsubsys__bluetooth__host.a(smp_null.c.obj)
 .text.net_buf_pool_get
                0x000000000000a074       0x10 zephyr/subsys/net/libsubsys__net.a(buf.c.obj)
                0x000000000000a074                net_buf_pool_get
 .text.net_buf_id
                0x000000000000a084       0x20 zephyr/subsys/net/libsubsys__net.a(buf.c.obj)
                0x000000000000a084                net_buf_id
 .text.fixed_data_alloc
                0x000000000000a0a4       0x30 zephyr/subsys/net/libsubsys__net.a(buf.c.obj)
 .text.net_buf_alloc_len
                0x000000000000a0d4       0xfc zephyr/subsys/net/libsubsys__net.a(buf.c.obj)
                0x000000000000a0d4                net_buf_alloc_len
 .text.net_buf_unref
                0x000000000000a1d0       0x64 zephyr/subsys/net/libsubsys__net.a(buf.c.obj)
                0x000000000000a1d0                net_buf_unref
 .text.adc_gain_invert
                0x000000000000a234       0x2c zephyr/drivers/adc/libdrivers__adc.a(adc_common.c.obj)
                0x000000000000a234                adc_gain_invert
 .text.adc_context_start_sampling
                0x000000000000a260       0x1c zephyr/drivers/adc/libdrivers__adc.a(adc_nrfx_saadc.c.obj)
 .text.adc_nrfx_channel_setup
                0x000000000000a27c      0x10c zephyr/drivers/adc/libdrivers__adc.a(adc_nrfx_saadc.c.obj)
 .text.adc_nrfx_read
                0x000000000000a388      0x228 zephyr/drivers/adc/libdrivers__adc.a(adc_nrfx_saadc.c.obj)
 .text.init_saadc
                0x000000000000a5b0       0x44 zephyr/drivers/adc/libdrivers__adc.a(adc_nrfx_saadc.c.obj)
 .text.saadc_irq_handler
                0x000000000000a5f4       0xc8 zephyr/drivers/adc/libdrivers__adc.a(adc_nrfx_saadc.c.obj)
 .text.bt_rpmsg_send
                0x000000000000a6bc       0x78 zephyr/drivers/bluetooth/libdrivers__bluetooth.a(rpmsg.c.obj)
 .text.bt_rpmsg_init
                0x000000000000a734       0x40 zephyr/drivers/bluetooth/libdrivers__bluetooth.a(rpmsg.c.obj)
 .text.hci_ept_bound
                0x000000000000a774        0xc zephyr/drivers/bluetooth/libdrivers__bluetooth.a(rpmsg.c.obj)
 .text.bt_rpmsg_open
                0x000000000000a780       0x8c zephyr/drivers/bluetooth/libdrivers__bluetooth.a(rpmsg.c.obj)
 .text.hci_ept_recv
                0x000000000000a80c      0x218 zephyr/drivers/bluetooth/libdrivers__bluetooth.a(rpmsg.c.obj)
 .text.onoff_stop
                0x000000000000aa24       0x30 zephyr/drivers/clock_control/libdrivers__clock_control.a(clock_control_nrf.c.obj)
 .text.onoff_start
                0x000000000000aa54       0x44 zephyr/drivers/clock_control/libdrivers__clock_control.a(clock_control_nrf.c.obj)
 .text.clk_init
                0x000000000000aa98       0x64 zephyr/drivers/clock_control/libdrivers__clock_control.a(clock_control_nrf.c.obj)
 .text.clkstarted_handle.constprop.0
                0x000000000000aafc       0x34 zephyr/drivers/clock_control/libdrivers__clock_control.a(clock_control_nrf.c.obj)
 .text.clock_event_handler
                0x000000000000ab30       0x30 zephyr/drivers/clock_control/libdrivers__clock_control.a(clock_control_nrf.c.obj)
 .text.generic_hfclk_start
                0x000000000000ab60       0x64 zephyr/drivers/clock_control/libdrivers__clock_control.a(clock_control_nrf.c.obj)
 .text.api_blocking_start
                0x000000000000abc4       0x3c zephyr/drivers/clock_control/libdrivers__clock_control.a(clock_control_nrf.c.obj)
 .text.generic_hfclk_stop
                0x000000000000ac00       0x34 zephyr/drivers/clock_control/libdrivers__clock_control.a(clock_control_nrf.c.obj)
 .text.z_nrf_clock_control_lf_on
                0x000000000000ac34       0xfc zephyr/drivers/clock_control/libdrivers__clock_control.a(clock_control_nrf.c.obj)
                0x000000000000ac34                z_nrf_clock_control_lf_on
 .text.uart_console_init
                0x000000000000ad30       0x28 zephyr/drivers/console/libdrivers__console.a(uart_console.c.obj)
 .text.console_out
                0x000000000000ad58       0x28 zephyr/drivers/console/libdrivers__console.a(uart_console.c.obj)
 .text.gpio_nrfx_pin_interrupt_configure
                0x000000000000ad80       0xe4 zephyr/drivers/gpio/libdrivers__gpio.a(gpio_nrfx.c.obj)
 .text.gpio_nrfx_init
                0x000000000000ae64       0x38 zephyr/drivers/gpio/libdrivers__gpio.a(gpio_nrfx.c.obj)
 .text.nrfx_gpio_handler
                0x000000000000ae9c       0x4c zephyr/drivers/gpio/libdrivers__gpio.a(gpio_nrfx.c.obj)
 .text.gpio_nrfx_pin_configure
                0x000000000000aee8      0x124 zephyr/drivers/gpio/libdrivers__gpio.a(gpio_nrfx.c.obj)
 .text.mbox_nrf_init
                0x000000000000b00c       0xb4 zephyr/drivers/mbox/libdrivers__mbox.a(mbox_nrfx_ipc.c.obj)
 .text.mbox_nrf_set_enabled
                0x000000000000b0c0       0xa0 zephyr/drivers/mbox/libdrivers__mbox.a(mbox_nrfx_ipc.c.obj)
 .text.mbox_nrf_send
                0x000000000000b160       0x54 zephyr/drivers/mbox/libdrivers__mbox.a(mbox_nrfx_ipc.c.obj)
 .text.mbox_dispatcher
                0x000000000000b1b4       0x7c zephyr/drivers/mbox/libdrivers__mbox.a(mbox_nrfx_ipc.c.obj)
 .text.nrf_gpio_pin_port_decode
                0x000000000000b230       0x24 zephyr/drivers/pinctrl/libdrivers__pinctrl.a(pinctrl_nrf.c.obj)
 .text.pinctrl_configure_pins
                0x000000000000b254      0x18c zephyr/drivers/pinctrl/libdrivers__pinctrl.a(pinctrl_nrf.c.obj)
                0x000000000000b254                pinctrl_configure_pins
 .text.uarte_nrfx_configure
                0x000000000000b3e0      0x17c zephyr/drivers/serial/libdrivers__serial.a(uart_nrfx_uarte.c.obj)
 .text.uarte_0_init
                0x000000000000b55c      0x104 zephyr/drivers/serial/libdrivers__serial.a(uart_nrfx_uarte.c.obj)
 .text.uarte_nrfx_poll_out
                0x000000000000b660       0xcc zephyr/drivers/serial/libdrivers__serial.a(uart_nrfx_uarte.c.obj)
 .text.compare_int_lock
                0x000000000000b72c       0x40 zephyr/drivers/timer/libdrivers__timer.a(nrf_rtc_timer.c.obj)
 .text.sys_clock_timeout_handler
                0x000000000000b76c       0x48 zephyr/drivers/timer/libdrivers__timer.a(nrf_rtc_timer.c.obj)
 .text.compare_int_unlock
                0x000000000000b7b4       0x4c zephyr/drivers/timer/libdrivers__timer.a(nrf_rtc_timer.c.obj)
 .text.z_nrf_rtc_timer_compare_evt_address_get
                0x000000000000b800       0x10 zephyr/drivers/timer/libdrivers__timer.a(nrf_rtc_timer.c.obj)
                0x000000000000b800                z_nrf_rtc_timer_compare_evt_address_get
 .text.z_nrf_rtc_timer_compare_read
                0x000000000000b810       0x10 zephyr/drivers/timer/libdrivers__timer.a(nrf_rtc_timer.c.obj)
                0x000000000000b810                z_nrf_rtc_timer_compare_read
 .text.z_nrf_rtc_timer_read
                0x000000000000b820       0x44 zephyr/drivers/timer/libdrivers__timer.a(nrf_rtc_timer.c.obj)
                0x000000000000b820                z_nrf_rtc_timer_read
 .text.compare_set
                0x000000000000b864      0x124 zephyr/drivers/timer/libdrivers__timer.a(nrf_rtc_timer.c.obj)
 .text.sys_clock_driver_init
                0x000000000000b988       0xa4 zephyr/drivers/timer/libdrivers__timer.a(nrf_rtc_timer.c.obj)
 .text.rtc_nrf_isr
                0x000000000000ba2c      0x100 zephyr/drivers/timer/libdrivers__timer.a(nrf_rtc_timer.c.obj)
                0x000000000000ba2c                rtc_nrf_isr
 .text.z_nrf_rtc_timer_chan_alloc
                0x000000000000bb2c       0x3c zephyr/drivers/timer/libdrivers__timer.a(nrf_rtc_timer.c.obj)
                0x000000000000bb2c                z_nrf_rtc_timer_chan_alloc
 .text.z_nrf_rtc_timer_chan_free
                0x000000000000bb68       0x1c zephyr/drivers/timer/libdrivers__timer.a(nrf_rtc_timer.c.obj)
                0x000000000000bb68                z_nrf_rtc_timer_chan_free
 .text.sys_clock_set_timeout
                0x000000000000bb84       0x64 zephyr/drivers/timer/libdrivers__timer.a(nrf_rtc_timer.c.obj)
                0x000000000000bb84                sys_clock_set_timeout
 .text.sys_clock_elapsed
                0x000000000000bbe8       0x14 zephyr/drivers/timer/libdrivers__timer.a(nrf_rtc_timer.c.obj)
                0x000000000000bbe8                sys_clock_elapsed
 .text.sys_clock_disable
                0x000000000000bbfc       0x30 zephyr/drivers/timer/libdrivers__timer.a(nrf_rtc_timer.c.obj)
                0x000000000000bbfc                sys_clock_disable
 .text.get_buttons.part.0
                0x000000000000bc2c       0x28 modules/nrf/lib/dk_buttons_and_leds/lib..__nrf__lib__dk_buttons_and_leds.a(dk_buttons_and_leds.c.obj)
 .text.get_buttons
                0x000000000000bc54       0x5c modules/nrf/lib/dk_buttons_and_leds/lib..__nrf__lib__dk_buttons_and_leds.a(dk_buttons_and_leds.c.obj)
 .text.callback_ctrl
                0x000000000000bcb0       0xa4 modules/nrf/lib/dk_buttons_and_leds/lib..__nrf__lib__dk_buttons_and_leds.a(dk_buttons_and_leds.c.obj)
 .text.button_pressed
                0x000000000000bd54       0x80 modules/nrf/lib/dk_buttons_and_leds/lib..__nrf__lib__dk_buttons_and_leds.a(dk_buttons_and_leds.c.obj)
 .text.buttons_scan_fn
                0x000000000000bdd4      0x114 modules/nrf/lib/dk_buttons_and_leds/lib..__nrf__lib__dk_buttons_and_leds.a(dk_buttons_and_leds.c.obj)
 .text.dk_read_buttons
                0x000000000000bee8       0x20 modules/nrf/lib/dk_buttons_and_leds/lib..__nrf__lib__dk_buttons_and_leds.a(dk_buttons_and_leds.c.obj)
                0x000000000000bee8                dk_read_buttons
 .text.dk_buttons_init
                0x000000000000bf08      0x124 modules/nrf/lib/dk_buttons_and_leds/lib..__nrf__lib__dk_buttons_and_leds.a(dk_buttons_and_leds.c.obj)
                0x000000000000bf08                dk_buttons_init
 .text.dk_set_led
                0x000000000000c02c       0x64 modules/nrf/lib/dk_buttons_and_leds/lib..__nrf__lib__dk_buttons_and_leds.a(dk_buttons_and_leds.c.obj)
                0x000000000000c02c                dk_set_led
 .text.k_sys_fatal_error_handler
                0x000000000000c090       0x2c modules/nrf/lib/fatal_error/lib..__nrf__lib__fatal_error.a(fatal_error.c.obj)
                0x000000000000c090                k_sys_fatal_error_handler
 .text.nrf53_errata_42
                0x000000000000c0bc       0x24 modules/hal_nordic/nrfx/libmodules__hal_nordic__nrfx.a(system_nrf5340_application.c.obj)
 .text.SystemInit
                0x000000000000c0e0      0x1c4 modules/hal_nordic/nrfx/libmodules__hal_nordic__nrfx.a(system_nrf5340_application.c.obj)
                0x000000000000c0e0                SystemInit
 .text.nrfx_flag32_alloc
                0x000000000000c2a4       0x40 modules/hal_nordic/nrfx/libmodules__hal_nordic__nrfx.a(nrfx_flag32_allocator.c.obj)
                0x000000000000c2a4                nrfx_flag32_alloc
 .text.nrfx_flag32_free
                0x000000000000c2e4       0x38 modules/hal_nordic/nrfx/libmodules__hal_nordic__nrfx.a(nrfx_flag32_allocator.c.obj)
                0x000000000000c2e4                nrfx_flag32_free
 .text.nrfx_gppi_channels_enable
                0x000000000000c31c        0xc modules/hal_nordic/nrfx/libmodules__hal_nordic__nrfx.a(nrfx_gppi_dppi.c.obj)
                0x000000000000c31c                nrfx_gppi_channels_enable
 .text.nrfx_gppi_channels_disable
                0x000000000000c328        0xc modules/hal_nordic/nrfx/libmodules__hal_nordic__nrfx.a(nrfx_gppi_dppi.c.obj)
                0x000000000000c328                nrfx_gppi_channels_disable
 .text.nrfx_clock_init
                0x000000000000c334       0x20 modules/hal_nordic/nrfx/libmodules__hal_nordic__nrfx.a(nrfx_clock.c.obj)
                0x000000000000c334                nrfx_clock_init
 .text.nrfx_power_clock_irq_handler
                0x000000000000c354       0xb0 modules/hal_nordic/nrfx/libmodules__hal_nordic__nrfx.a(nrfx_clock.c.obj)
                0x000000000000c354                nrfx_power_clock_irq_handler
 .text.nrfx_dppi_channel_alloc
                0x000000000000c404        0xc modules/hal_nordic/nrfx/libmodules__hal_nordic__nrfx.a(nrfx_dppi.c.obj)
                0x000000000000c404                nrfx_dppi_channel_alloc
 .text.nrfx_dppi_channel_free
                0x000000000000c410       0x1c modules/hal_nordic/nrfx/libmodules__hal_nordic__nrfx.a(nrfx_dppi.c.obj)
                0x000000000000c410                nrfx_dppi_channel_free
 .text.nrf_gpio_pin_port_decode
                0x000000000000c42c       0x24 modules/hal_nordic/nrfx/libmodules__hal_nordic__nrfx.a(nrfx_gpiote.c.obj)
 .text.get_pin_idx
                0x000000000000c450       0x14 modules/hal_nordic/nrfx/libmodules__hal_nordic__nrfx.a(nrfx_gpiote.c.obj)
 .text.pin_in_use_by_te
                0x000000000000c464       0x18 modules/hal_nordic/nrfx/libmodules__hal_nordic__nrfx.a(nrfx_gpiote.c.obj)
 .text.pin_is_output
                0x000000000000c47c       0x18 modules/hal_nordic/nrfx/libmodules__hal_nordic__nrfx.a(nrfx_gpiote.c.obj)
 .text.pin_te_get
                0x000000000000c494       0x18 modules/hal_nordic/nrfx/libmodules__hal_nordic__nrfx.a(nrfx_gpiote.c.obj)
 .text.call_handler
                0x000000000000c4ac       0x40 modules/hal_nordic/nrfx/libmodules__hal_nordic__nrfx.a(nrfx_gpiote.c.obj)
 .text.release_handler
                0x000000000000c4ec       0x58 modules/hal_nordic/nrfx/libmodules__hal_nordic__nrfx.a(nrfx_gpiote.c.obj)
 .text.__nrfy_internal_gpiote_events_process.constprop.0
                0x000000000000c544       0x54 modules/hal_nordic/nrfx/libmodules__hal_nordic__nrfx.a(nrfx_gpiote.c.obj)
 .text.nrfx_gpiote_input_configure
                0x000000000000c598      0x170 modules/hal_nordic/nrfx/libmodules__hal_nordic__nrfx.a(nrfx_gpiote.c.obj)
                0x000000000000c598                nrfx_gpiote_input_configure
 .text.nrfx_gpiote_output_configure
                0x000000000000c708       0xfc modules/hal_nordic/nrfx/libmodules__hal_nordic__nrfx.a(nrfx_gpiote.c.obj)
                0x000000000000c708                nrfx_gpiote_output_configure
 .text.nrfx_gpiote_global_callback_set
                0x000000000000c804        0xc modules/hal_nordic/nrfx/libmodules__hal_nordic__nrfx.a(nrfx_gpiote.c.obj)
                0x000000000000c804                nrfx_gpiote_global_callback_set
 .text.nrfx_gpiote_channel_get
                0x000000000000c810       0x30 modules/hal_nordic/nrfx/libmodules__hal_nordic__nrfx.a(nrfx_gpiote.c.obj)
                0x000000000000c810                nrfx_gpiote_channel_get
 .text.nrfx_gpiote_init
                0x000000000000c840       0x50 modules/hal_nordic/nrfx/libmodules__hal_nordic__nrfx.a(nrfx_gpiote.c.obj)
                0x000000000000c840                nrfx_gpiote_init
 .text.nrfx_gpiote_is_init
                0x000000000000c890       0x14 modules/hal_nordic/nrfx/libmodules__hal_nordic__nrfx.a(nrfx_gpiote.c.obj)
                0x000000000000c890                nrfx_gpiote_is_init
 .text.nrfx_gpiote_channel_free
                0x000000000000c8a4        0xc modules/hal_nordic/nrfx/libmodules__hal_nordic__nrfx.a(nrfx_gpiote.c.obj)
                0x000000000000c8a4                nrfx_gpiote_channel_free
 .text.nrfx_gpiote_channel_alloc
                0x000000000000c8b0        0xc modules/hal_nordic/nrfx/libmodules__hal_nordic__nrfx.a(nrfx_gpiote.c.obj)
                0x000000000000c8b0                nrfx_gpiote_channel_alloc
 .text.nrfx_gpiote_trigger_enable
                0x000000000000c8bc       0x98 modules/hal_nordic/nrfx/libmodules__hal_nordic__nrfx.a(nrfx_gpiote.c.obj)
                0x000000000000c8bc                nrfx_gpiote_trigger_enable
 .text.nrfx_gpiote_trigger_disable
                0x000000000000c954       0x4c modules/hal_nordic/nrfx/libmodules__hal_nordic__nrfx.a(nrfx_gpiote.c.obj)
                0x000000000000c954                nrfx_gpiote_trigger_disable
 .text.nrfx_gpiote_pin_uninit
                0x000000000000c9a0       0x84 modules/hal_nordic/nrfx/libmodules__hal_nordic__nrfx.a(nrfx_gpiote.c.obj)
                0x000000000000c9a0                nrfx_gpiote_pin_uninit
 .text.nrfx_gpiote_irq_handler
                0x000000000000ca24      0x19c modules/hal_nordic/nrfx/libmodules__hal_nordic__nrfx.a(nrfx_gpiote.c.obj)
                0x000000000000ca24                nrfx_gpiote_irq_handler
 .text.nrfx_ipc_init
                0x000000000000cbc0       0x30 modules/hal_nordic/nrfx/libmodules__hal_nordic__nrfx.a(nrfx_ipc.c.obj)
                0x000000000000cbc0                nrfx_ipc_init
 .text.nrfx_ipc_config_load
                0x000000000000cbf0       0x40 modules/hal_nordic/nrfx/libmodules__hal_nordic__nrfx.a(nrfx_ipc.c.obj)
                0x000000000000cbf0                nrfx_ipc_config_load
 .text.nrfx_ipc_receive_event_enable
                0x000000000000cc30       0x10 modules/hal_nordic/nrfx/libmodules__hal_nordic__nrfx.a(nrfx_ipc.c.obj)
                0x000000000000cc30                nrfx_ipc_receive_event_enable
 .text.nrfx_ipc_receive_event_disable
                0x000000000000cc40       0x10 modules/hal_nordic/nrfx/libmodules__hal_nordic__nrfx.a(nrfx_ipc.c.obj)
                0x000000000000cc40                nrfx_ipc_receive_event_disable
 .text.nrfx_ipc_irq_handler
                0x000000000000cc50       0x40 modules/hal_nordic/nrfx/libmodules__hal_nordic__nrfx.a(nrfx_ipc.c.obj)
                0x000000000000cc50                nrfx_ipc_irq_handler
 .text.metal_generic_dev_open
                0x000000000000cc90       0x40 modules/libmetal/libmetal/lib/libmetal.a(device.c.obj)
                0x000000000000cc90                metal_generic_dev_open
 .text.metal_bus_unregister
                0x000000000000ccd0       0x3c modules/libmetal/libmetal/lib/libmetal.a(device.c.obj)
                0x000000000000ccd0                metal_bus_unregister
 .text.metal_bus_find
                0x000000000000cd0c       0x3c modules/libmetal/libmetal/lib/libmetal.a(device.c.obj)
                0x000000000000cd0c                metal_bus_find
 .text.metal_bus_register
                0x000000000000cd48       0x5c modules/libmetal/libmetal/lib/libmetal.a(device.c.obj)
                0x000000000000cd48                metal_bus_register
 .text.metal_register_generic_device
                0x000000000000cda4       0x3c modules/libmetal/libmetal/lib/libmetal.a(device.c.obj)
                0x000000000000cda4                metal_register_generic_device
 .text.metal_init
                0x000000000000cde0       0x40 modules/libmetal/libmetal/lib/libmetal.a(init.c.obj)
                0x000000000000cde0                metal_init
 .text.metal_finish
                0x000000000000ce20       0x18 modules/libmetal/libmetal/lib/libmetal.a(init.c.obj)
                0x000000000000ce20                metal_finish
 .text.metal_sys_init
                0x000000000000ce38       0x10 modules/libmetal/libmetal/lib/libmetal.a(init.c.obj)
                0x000000000000ce38                metal_sys_init
 .text.metal_sys_finish
                0x000000000000ce48        0xc modules/libmetal/libmetal/lib/libmetal.a(init.c.obj)
                0x000000000000ce48                metal_sys_finish
 .text.metal_zephyr_log_handler
                0x000000000000ce54       0x3c modules/libmetal/libmetal/lib/libmetal.a(log.c.obj)
                0x000000000000ce54                metal_zephyr_log_handler
 .text.virtio_create_virtqueues
                0x000000000000ce90       0xbc modules/open-amp/open-amp/lib/libopen_amp.a(virtio.c.obj)
                0x000000000000ce90                virtio_create_virtqueues
 .text.virtqueue_free
                0x000000000000cf4c       0x38 modules/open-amp/open-amp/lib/libopen_amp.a(virtqueue.c.obj)
                0x000000000000cf4c                virtqueue_free
 .text.virtqueue_add_consumed_buffer
                0x000000000000cf84       0x38 modules/open-amp/open-amp/lib/libopen_amp.a(virtqueue.c.obj)
                0x000000000000cf84                virtqueue_add_consumed_buffer
 .text.rpmsg_send_offchannel_raw
                0x000000000000cfbc       0x2c modules/open-amp/open-amp/lib/libopen_amp.a(rpmsg.c.obj)
                0x000000000000cfbc                rpmsg_send_offchannel_raw
 .text.rpmsg_send_offchannel_nocopy
                0x000000000000cfe8       0x2c modules/open-amp/open-amp/lib/libopen_amp.a(rpmsg.c.obj)
                0x000000000000cfe8                rpmsg_send_offchannel_nocopy
 .text.rpmsg_register_endpoint
                0x000000000000d014       0x40 modules/open-amp/open-amp/lib/libopen_amp.a(rpmsg.c.obj)
                0x000000000000d014                rpmsg_register_endpoint
 .text.rpmsg_create_ept
                0x000000000000d054      0x100 modules/open-amp/open-amp/lib/libopen_amp.a(rpmsg.c.obj)
                0x000000000000d054                rpmsg_create_ept
 .text.rpmsg_virtio_send_offchannel_raw
                0x000000000000d154       0x5c modules/open-amp/open-amp/lib/libopen_amp.a(rpmsg_virtio.c.obj)
 .text.rpmsg_virtio_get_buffer_size
                0x000000000000d1b0       0x4c modules/open-amp/open-amp/lib/libopen_amp.a(rpmsg_virtio.c.obj)
                0x000000000000d1b0                rpmsg_virtio_get_buffer_size
 .text.rpmsg_init_vdev_with_config
                0x000000000000d1fc      0x254 modules/open-amp/open-amp/lib/libopen_amp.a(rpmsg_virtio.c.obj)
                0x000000000000d1fc                rpmsg_init_vdev_with_config
 .text.rpmsg_init_vdev
                0x000000000000d450       0x2c modules/open-amp/open-amp/lib/libopen_amp.a(rpmsg_virtio.c.obj)
                0x000000000000d450                rpmsg_init_vdev
 .text.z_fatal_error
                0x000000000000d47c      0x104 zephyr/kernel/libkernel.a(fatal.c.obj)
                0x000000000000d47c                z_fatal_error
 .text.z_sys_init_run_level
                0x000000000000d580       0x48 zephyr/kernel/libkernel.a(init.c.obj)
 .text.bg_thread_main
                0x000000000000d5c8       0x34 zephyr/kernel/libkernel.a(init.c.obj)
 .text.z_bss_zero
                0x000000000000d5fc       0x18 zephyr/kernel/libkernel.a(init.c.obj)
                0x000000000000d5fc                z_bss_zero
 .text.z_init_cpu
                0x000000000000d614       0x7c zephyr/kernel/libkernel.a(init.c.obj)
                0x000000000000d614                z_init_cpu
 .text.z_cstart
                0x000000000000d690       0xe4 zephyr/kernel/libkernel.a(init.c.obj)
                0x000000000000d690                z_cstart
 .text.statics_init
                0x000000000000d774       0x24 zephyr/kernel/libkernel.a(kheap.c.obj)
 .text.init_mem_slab_module
                0x000000000000d798       0x24 zephyr/kernel/libkernel.a(mem_slab.c.obj)
 .text.k_mem_slab_alloc
                0x000000000000d7bc       0x5c zephyr/kernel/libkernel.a(mem_slab.c.obj)
                0x000000000000d7bc                k_mem_slab_alloc
 .text.z_setup_new_thread
                0x000000000000d818       0x7c zephyr/kernel/libkernel.a(thread.c.obj)
                0x000000000000d818                z_setup_new_thread
 .text.z_impl_k_thread_create
                0x000000000000d894       0x58 zephyr/kernel/libkernel.a(thread.c.obj)
                0x000000000000d894                z_impl_k_thread_create
 .text.z_init_static_threads
                0x000000000000d8ec       0xb8 zephyr/kernel/libkernel.a(thread.c.obj)
                0x000000000000d8ec                z_init_static_threads
 .text.z_impl_k_mutex_lock
                0x000000000000d9a4       0xf4 zephyr/kernel/libkernel.a(mutex.c.obj)
                0x000000000000d9a4                z_impl_k_mutex_lock
 .text.z_impl_k_mutex_unlock
                0x000000000000da98       0x78 zephyr/kernel/libkernel.a(mutex.c.obj)
                0x000000000000da98                z_impl_k_mutex_unlock
 .text.z_impl_k_queue_get
                0x000000000000db10       0x68 zephyr/kernel/libkernel.a(queue.c.obj)
                0x000000000000db10                z_impl_k_queue_get
 .text.z_impl_k_sem_give
                0x000000000000db78       0x4c zephyr/kernel/libkernel.a(sem.c.obj)
                0x000000000000db78                z_impl_k_sem_give
 .text.z_impl_k_sem_take
                0x000000000000dbc4       0x50 zephyr/kernel/libkernel.a(sem.c.obj)
                0x000000000000dbc4                z_impl_k_sem_take
 .text.k_sys_work_q_init
                0x000000000000dc14       0x34 zephyr/kernel/libkernel.a(system_work_q.c.obj)
 .text.work_queue_main
                0x000000000000dc48      0x138 zephyr/kernel/libkernel.a(work.c.obj)
 .text.cancel_sync_locked
                0x000000000000dd80       0x3c zephyr/kernel/libkernel.a(work.c.obj)
 .text.submit_to_queue_locked
                0x000000000000ddbc       0xb4 zephyr/kernel/libkernel.a(work.c.obj)
 .text.k_work_submit
                0x000000000000de70        0xc zephyr/kernel/libkernel.a(work.c.obj)
                0x000000000000de70                k_work_submit
 .text.k_work_queue_start
                0x000000000000de7c       0x70 zephyr/kernel/libkernel.a(work.c.obj)
                0x000000000000de7c                k_work_queue_start
 .text.k_work_queue_drain
                0x000000000000deec       0x7c zephyr/kernel/libkernel.a(work.c.obj)
                0x000000000000deec                k_work_queue_drain
 .text.k_work_schedule_for_queue
                0x000000000000df68       0x54 zephyr/kernel/libkernel.a(work.c.obj)
                0x000000000000df68                k_work_schedule_for_queue
 .text.k_work_schedule
                0x000000000000dfbc        0xc zephyr/kernel/libkernel.a(work.c.obj)
                0x000000000000dfbc                k_work_schedule
 .text.k_work_reschedule_for_queue
                0x000000000000dfc8       0x5c zephyr/kernel/libkernel.a(work.c.obj)
                0x000000000000dfc8                k_work_reschedule_for_queue
 .text.k_work_reschedule
                0x000000000000e024        0xc zephyr/kernel/libkernel.a(work.c.obj)
                0x000000000000e024                k_work_reschedule
 .text.sliceable
                0x000000000000e030       0x3c zephyr/kernel/libkernel.a(sched.c.obj)
 .text.slice_timeout
                0x000000000000e06c       0x20 zephyr/kernel/libkernel.a(sched.c.obj)
 .text.z_reset_time_slice
                0x000000000000e08c       0x50 zephyr/kernel/libkernel.a(sched.c.obj)
                0x000000000000e08c                z_reset_time_slice
 .text.update_cache
                0x000000000000e0dc       0x3c zephyr/kernel/libkernel.a(sched.c.obj)
 .text.move_thread_to_end_of_prio_q
                0x000000000000e118       0x74 zephyr/kernel/libkernel.a(sched.c.obj)
 .text.ready_thread
                0x000000000000e18c       0x68 zephyr/kernel/libkernel.a(sched.c.obj)
 .text.unready_thread
                0x000000000000e1f4       0x30 zephyr/kernel/libkernel.a(sched.c.obj)
 .text.pend_locked
                0x000000000000e224       0x30 zephyr/kernel/libkernel.a(sched.c.obj)
 .text.z_time_slice
                0x000000000000e254       0x60 zephyr/kernel/libkernel.a(sched.c.obj)
                0x000000000000e254                z_time_slice
 .text.z_pend_curr
                0x000000000000e2b4       0x3c zephyr/kernel/libkernel.a(sched.c.obj)
                0x000000000000e2b4                z_pend_curr
 .text.z_set_prio
                0x000000000000e2f0       0x8c zephyr/kernel/libkernel.a(sched.c.obj)
                0x000000000000e2f0                z_set_prio
 .text.z_reschedule
                0x000000000000e37c       0x24 zephyr/kernel/libkernel.a(sched.c.obj)
                0x000000000000e37c                z_reschedule
 .text.z_sched_start
                0x000000000000e3a0       0x3c zephyr/kernel/libkernel.a(sched.c.obj)
                0x000000000000e3a0                z_sched_start
 .text.z_impl_k_thread_suspend
                0x000000000000e3dc       0x64 zephyr/kernel/libkernel.a(sched.c.obj)
                0x000000000000e3dc                z_impl_k_thread_suspend
 .text.k_sched_lock
                0x000000000000e440       0x28 zephyr/kernel/libkernel.a(sched.c.obj)
                0x000000000000e440                k_sched_lock
 .text.k_sched_unlock
                0x000000000000e468       0x38 zephyr/kernel/libkernel.a(sched.c.obj)
                0x000000000000e468                k_sched_unlock
 .text.z_sched_init
                0x000000000000e4a0       0x10 zephyr/kernel/libkernel.a(sched.c.obj)
                0x000000000000e4a0                z_sched_init
 .text.z_impl_k_yield
                0x000000000000e4b0       0x7c zephyr/kernel/libkernel.a(sched.c.obj)
                0x000000000000e4b0                z_impl_k_yield
 .text.z_tick_sleep
                0x000000000000e52c       0x88 zephyr/kernel/libkernel.a(sched.c.obj)
 .text.z_impl_k_sleep
                0x000000000000e5b4       0x34 zephyr/kernel/libkernel.a(sched.c.obj)
                0x000000000000e5b4                z_impl_k_sleep
 .text.z_impl_z_current_get
                0x000000000000e5e8        0xc zephyr/kernel/libkernel.a(sched.c.obj)
                0x000000000000e5e8                z_impl_z_current_get
 .text.z_thread_abort
                0x000000000000e5f4       0xc0 zephyr/kernel/libkernel.a(sched.c.obj)
                0x000000000000e5f4                z_thread_abort
 .text.z_sched_wait
                0x000000000000e6b4       0x24 zephyr/kernel/libkernel.a(sched.c.obj)
                0x000000000000e6b4                z_sched_wait
 .text.z_data_copy
                0x000000000000e6d8       0x34 zephyr/kernel/libkernel.a(xip.c.obj)
                0x000000000000e6d8                z_data_copy
 .text.elapsed  0x000000000000e70c       0x14 zephyr/kernel/libkernel.a(timeout.c.obj)
 .text.next_timeout
                0x000000000000e720       0x40 zephyr/kernel/libkernel.a(timeout.c.obj)
 .text.remove_timeout
                0x000000000000e760       0x38 zephyr/kernel/libkernel.a(timeout.c.obj)
 .text.z_add_timeout
                0x000000000000e798       0xec zephyr/kernel/libkernel.a(timeout.c.obj)
                0x000000000000e798                z_add_timeout
 .text.sys_clock_announce
                0x000000000000e884       0xd4 zephyr/kernel/libkernel.a(timeout.c.obj)
                0x000000000000e884                sys_clock_announce
 .text.sys_clock_tick_get
                0x000000000000e958       0x34 zephyr/kernel/libkernel.a(timeout.c.obj)
                0x000000000000e958                sys_clock_tick_get
 .text.z_timer_expiration_handler
                0x000000000000e98c       0xe4 zephyr/kernel/libkernel.a(timer.c.obj)
                0x000000000000e98c                z_timer_expiration_handler
 .text.z_impl_k_timer_start
                0x000000000000ea70       0x60 zephyr/kernel/libkernel.a(timer.c.obj)
                0x000000000000ea70                z_impl_k_timer_start
 .text.z_impl_k_poll
                0x000000000000ead0       0xb8 zephyr/kernel/libkernel.a(poll.c.obj)
                0x000000000000ead0                z_impl_k_poll
 .text.z_impl_k_poll_signal_raise
                0x000000000000eb88       0x50 zephyr/kernel/libkernel.a(poll.c.obj)
                0x000000000000eb88                z_impl_k_poll_signal_raise
 .text.k_aligned_alloc
                0x000000000000ebd8       0x10 zephyr/kernel/libkernel.a(mempool.c.obj)
                0x000000000000ebd8                k_aligned_alloc
 .text.k_thread_system_pool_assign
                0x000000000000ebe8        0xc zephyr/kernel/libkernel.a(mempool.c.obj)
                0x000000000000ebe8                k_thread_system_pool_assign
 .text.z_thread_aligned_alloc
                0x000000000000ebf4       0x30 zephyr/kernel/libkernel.a(mempool.c.obj)
                0x000000000000ebf4                z_thread_aligned_alloc
 .text.boot_banner
                0x000000000000ec24        0xc zephyr/kernel/libkernel.a(banner.c.obj)
                0x000000000000ec24                boot_banner
 .text.nrf_cc3xx_platform_init_no_rng
                0x000000000000ec30       0x38 C:/ncs/v2.5.0/nrfxlib/crypto/nrf_cc312_platform/lib/cortex-m33/soft-float/no-interrupts/libnrf_cc312_platform_0.9.18.a(nrf_cc3xx_platform.c.obj)
                0x000000000000ec30                nrf_cc3xx_platform_init_no_rng
 .text.nrf_cc3xx_platform_abort
                0x000000000000ec68       0x24 C:/ncs/v2.5.0/nrfxlib/crypto/nrf_cc312_platform/lib/cortex-m33/soft-float/no-interrupts/libnrf_cc312_platform_0.9.18.a(nrf_cc3xx_platform_abort.c.obj)
 .text.CC_PalAbort
                0x000000000000ec8c       0x44 C:/ncs/v2.5.0/nrfxlib/crypto/nrf_cc312_platform/lib/cortex-m33/soft-float/no-interrupts/libnrf_cc312_platform_0.9.18.a(nrf_cc3xx_platform_abort.c.obj)
                0x000000000000ec8c                CC_PalAbort
 .text.nrf_cc3xx_platform_set_abort
                0x000000000000ecd0       0x10 C:/ncs/v2.5.0/nrfxlib/crypto/nrf_cc312_platform/lib/cortex-m33/soft-float/no-interrupts/libnrf_cc312_platform_0.9.18.a(nrf_cc3xx_platform_abort.c.obj)
                0x000000000000ecd0                nrf_cc3xx_platform_set_abort
 .text.mutex_free
                0x000000000000ece0       0x34 C:/ncs/v2.5.0/nrfxlib/crypto/nrf_cc312_platform/lib/cortex-m33/soft-float/no-interrupts/libnrf_cc312_platform_0.9.18.a(nrf_cc3xx_platform_mutex.c.obj)
 .text.mutex_lock
                0x000000000000ed14       0x48 C:/ncs/v2.5.0/nrfxlib/crypto/nrf_cc312_platform/lib/cortex-m33/soft-float/no-interrupts/libnrf_cc312_platform_0.9.18.a(nrf_cc3xx_platform_mutex.c.obj)
 .text.mutex_unlock
                0x000000000000ed5c       0x38 C:/ncs/v2.5.0/nrfxlib/crypto/nrf_cc312_platform/lib/cortex-m33/soft-float/no-interrupts/libnrf_cc312_platform_0.9.18.a(nrf_cc3xx_platform_mutex.c.obj)
 .text.mutex_init
                0x000000000000ed94       0x20 C:/ncs/v2.5.0/nrfxlib/crypto/nrf_cc312_platform/lib/cortex-m33/soft-float/no-interrupts/libnrf_cc312_platform_0.9.18.a(nrf_cc3xx_platform_mutex.c.obj)
 .text.nrf_cc3xx_platform_set_mutexes
                0x000000000000edb4       0x78 C:/ncs/v2.5.0/nrfxlib/crypto/nrf_cc312_platform/lib/cortex-m33/soft-float/no-interrupts/libnrf_cc312_platform_0.9.18.a(nrf_cc3xx_platform_mutex.c.obj)
                0x000000000000edb4                nrf_cc3xx_platform_set_mutexes
 .text.CC_LibInitNoRng
                0x000000000000ee2c       0x28 C:/ncs/v2.5.0/nrfxlib/crypto/nrf_cc312_platform/lib/cortex-m33/soft-float/no-interrupts/libnrf_cc312_platform_0.9.18.a(cc_lib.c.obj)
                0x000000000000ee2c                CC_LibInitNoRng
 .text.CC_HalInit
                0x000000000000ee54        0x4 C:/ncs/v2.5.0/nrfxlib/crypto/nrf_cc312_platform/lib/cortex-m33/soft-float/no-interrupts/libnrf_cc312_platform_0.9.18.a(cc_hal.c.obj)
                0x000000000000ee54                CC_HalInit
 .text.CC_PalInit
                0x000000000000ee58       0x5c C:/ncs/v2.5.0/nrfxlib/crypto/nrf_cc312_platform/lib/cortex-m33/soft-float/no-interrupts/libnrf_cc312_platform_0.9.18.a(cc_pal.c.obj)
                0x000000000000ee58                CC_PalInit
 .text.CC_PalTerminate
                0x000000000000eeb4       0x34 C:/ncs/v2.5.0/nrfxlib/crypto/nrf_cc312_platform/lib/cortex-m33/soft-float/no-interrupts/libnrf_cc312_platform_0.9.18.a(cc_pal.c.obj)
                0x000000000000eeb4                CC_PalTerminate
 .text.CC_PalDmaInit
                0x000000000000eee8        0x4 C:/ncs/v2.5.0/nrfxlib/crypto/nrf_cc312_platform/lib/cortex-m33/soft-float/no-interrupts/libnrf_cc312_platform_0.9.18.a(cc_pal_dma.c.obj)
                0x000000000000eee8                CC_PalDmaInit
 .text.CC_PalDmaTerminate
                0x000000000000eeec        0x4 C:/ncs/v2.5.0/nrfxlib/crypto/nrf_cc312_platform/lib/cortex-m33/soft-float/no-interrupts/libnrf_cc312_platform_0.9.18.a(cc_pal_dma.c.obj)
                0x000000000000eeec                CC_PalDmaTerminate
 .text.CC_PalMutexCreate